Archive member included to satisfy reference by file (symbol)

app/libapp.a(main.c.obj)      (--whole-archive)
app/libapp.a(board_power.c.obj)
                              (--whole-archive)
app/libapp.a(fram_cy15b108.c.obj)
                              (--whole-archive)
app/libapp.a(rv3028_simple.c.obj)
                              (--whole-archive)
app/libapp.a(bma400_simple.c.obj)
                              (--whole-archive)
app/libapp.a(max30101_simple.c.obj)
                              (--whole-archive)
app/libapp.a(mlx90632_simple.c.obj)
                              (--whole-archive)
app/libapp.a(mlx90632_lib.c.obj)
                              (--whole-archive)
app/libapp.a(mlx90632_extended_meas.c.obj)
                              (--whole-archive)
app/libapp.a(shell_commands.c.obj)
                              (--whole-archive)
app/libapp.a(bma400.c.obj)    (--whole-archive)
zephyr/libzephyr.a(heap.c.obj)
                              (--whole-archive)
zephyr/libzephyr.a(cbprintf_packaged.c.obj)
                              (--whole-archive)
zephyr/libzephyr.a(printk.c.obj)
                              (--whole-archive)
zephyr/libzephyr.a(sem.c.obj)
                              (--whole-archive)
zephyr/libzephyr.a(thread_entry.c.obj)
                              (--whole-archive)
zephyr/libzephyr.a(cbprintf_complete.c.obj)
                              (--whole-archive)
zephyr/libzephyr.a(cbprintf.c.obj)
                              (--whole-archive)
zephyr/libzephyr.a(assert.c.obj)
                              (--whole-archive)
zephyr/libzephyr.a(mpsc_pbuf.c.obj)
                              (--whole-archive)
zephyr/libzephyr.a(dec.c.obj)
                              (--whole-archive)
zephyr/libzephyr.a(hex.c.obj)
                              (--whole-archive)
zephyr/libzephyr.a(rb.c.obj)  (--whole-archive)
zephyr/libzephyr.a(timeutil.c.obj)
                              (--whole-archive)
zephyr/libzephyr.a(bitarray.c.obj)
                              (--whole-archive)
zephyr/libzephyr.a(onoff.c.obj)
                              (--whole-archive)
zephyr/libzephyr.a(notify.c.obj)
                              (--whole-archive)
zephyr/libzephyr.a(ring_buffer.c.obj)
                              (--whole-archive)
zephyr/libzephyr.a(last_section_id.c.obj)
                              (--whole-archive)
zephyr/libzephyr.a(configs.c.obj)
                              (--whole-archive)
zephyr/libzephyr.a(thread_info.c.obj)
                              (--whole-archive)
zephyr/libzephyr.a(ipc_service.c.obj)
                              (--whole-archive)
zephyr/libzephyr.a(ipc_rpmsg_static_vrings.c.obj)
                              (--whole-archive)
zephyr/libzephyr.a(ipc_rpmsg.c.obj)
                              (--whole-archive)
zephyr/libzephyr.a(ipc_static_vrings.c.obj)
                              (--whole-archive)
zephyr/libzephyr.a(log_core.c.obj)
                              (--whole-archive)
zephyr/libzephyr.a(log_mgmt.c.obj)
                              (--whole-archive)
zephyr/libzephyr.a(log_cache.c.obj)
                              (--whole-archive)
zephyr/libzephyr.a(log_msg.c.obj)
                              (--whole-archive)
zephyr/libzephyr.a(log_output.c.obj)
                              (--whole-archive)
zephyr/libzephyr.a(mem_attr.c.obj)
                              (--whole-archive)
zephyr/libzephyr.a(tracing_none.c.obj)
                              (--whole-archive)
zephyr/libzephyr.a(shell_rtt.c.obj)
                              (--whole-archive)
zephyr/libzephyr.a(shell.c.obj)
                              (--whole-archive)
zephyr/libzephyr.a(shell_fprintf.c.obj)
                              (--whole-archive)
zephyr/libzephyr.a(shell_utils.c.obj)
                              (--whole-archive)
zephyr/libzephyr.a(shell_ops.c.obj)
                              (--whole-archive)
zephyr/libzephyr.a(shell_log_backend.c.obj)
                              (--whole-archive)
zephyr/libzephyr.a(shell_help.c.obj)
                              (--whole-archive)
zephyr/libzephyr.a(shell_history.c.obj)
                              (--whole-archive)
zephyr/libzephyr.a(shell_wildcard.c.obj)
                              (--whole-archive)
zephyr/libzephyr.a(banner.c.obj)
                              (--whole-archive)
zephyr/libzephyr.a(hci_vs_sdc.c.obj)
                              (--whole-archive)
zephyr/libzephyr.a(host_extensions.c.obj)
                              (--whole-archive)
zephyr/libzephyr.a(flash_map_partition_manager.c.obj)
                              (--whole-archive)
zephyr/arch/common/libarch__common.a(sw_isr_common.c.obj)
                              (--whole-archive)
zephyr/arch/arch/arm/core/libarch__arm__core.a(fatal.c.obj)
                              (--whole-archive)
zephyr/arch/arch/arm/core/libarch__arm__core.a(nmi.c.obj)
                              (--whole-archive)
[...]
Memory Configuration

Name             Origin             Length             Attributes
FLASH            0x0000000000000000 0x0000000000100000 xr
RAM              0x0000000020000000 0x0000000000070000 xw
IDT_LIST         0x00000000ffff7fff 0x0000000000008000 xw
*default*        0x0000000000000000 0xffffffffffffffff

Linker script and memory map

LOAD zephyr/CMakeFiles/zephyr_pre0.dir/misc/empty_file.c.obj
LOAD zephyr/CMakeFiles/offsets.dir/./arch/arm/core/offsets/offsets.c.obj
LOAD app/libapp.a
LOAD zephyr/libzephyr.a
LOAD zephyr/arch/common/libarch__common.a
LOAD zephyr/arch/arch/arm/core/libarch__arm__core.a
LOAD zephyr/arch/arch/arm/core/cortex_m/libarch__arm__core__cortex_m.a
LOAD zephyr/arch/arch/arm/core/cortex_m/cmse/libarch__arm__core__cortex_m__cmse.a
LOAD zephyr/arch/arch/arm/core/mpu/libarch__arm__core__mpu.a
LOAD zephyr/lib/libc/newlib/liblib__libc__newlib.a
LOAD zephyr/lib/libc/common/liblib__libc__common.a
LOAD zephyr/lib/posix/options/liblib__posix__options.a
LOAD zephyr/lib/net_buf/liblib__net_buf.a
LOAD zephyr/soc/soc/nrf5340/libsoc__nordic.a
LOAD zephyr/subsys/random/libsubsys__random.a
LOAD zephyr/subsys/bluetooth/common/libsubsys__bluetooth__common.a
LOAD zephyr/subsys/bluetooth/host/libsubsys__bluetooth__host.a
LOAD zephyr/drivers/bluetooth/libdrivers__bluetooth.a
LOAD zephyr/drivers/clock_control/libdrivers__clock_control.a
LOAD zephyr/drivers/console/libdrivers__console.a
LOAD zephyr/drivers/entropy/libdrivers__entropy.a
LOAD zephyr/drivers/gpio/libdrivers__gpio.a
LOAD zephyr/drivers/i2c/libdrivers__i2c.a
LOAD zephyr/drivers/mbox/libdrivers__mbox.a
LOAD zephyr/drivers/pinctrl/libdrivers__pinctrl.a
LOAD zephyr/drivers/spi/libdrivers__spi.a
LOAD zephyr/drivers/timer/libdrivers__timer.a
LOAD modules/nrf/subsys/nrf_security/src/zephyr/libmbedtls_zephyr.a
LOAD modules/hal_nordic/modules/hal_nordic/nrfx/libmodules__hal_nordic__nrfx.a
LOAD modules/libmetal/libmetal/lib/libmetal.a
LOAD modules/open-amp/open-amp/lib/libopen_amp.a
LOAD modules/segger/libmodules__segger.a
LOAD zephyr/kernel/libkernel.a
LOAD C:/ncs/toolchains/c1a76fddb2/opt/zephyr-sdk/arm-zephyr-eabi/arm-zephyr-eabi/lib/thumb/v8-m.main+fp/hard\libm_nano.a
LOAD modules/nrf/subsys/nrf_security/src/libmbedcrypto.a
LOAD modules/nrf/subsys/nrf_security/src/core/nrf_oberon/libpsa_core.a
LOAD modules/nrf/subsys/nrf_security/src/drivers/nrf_oberon/liboberon_psa_driver.a
LOAD C:/ncs/v3.1.1/nrfxlib/crypto/nrf_oberon/lib/cortex-m33/hard-float/liboberon_mbedtls_3.0.17.a
LOAD modules/nrf/subsys/nrf_security/src/libmbedcrypto.a
LOAD modules/nrf/subsys/nrf_security/src/core/nrf_oberon/libpsa_core.a
LOAD modules/nrf/subsys/nrf_security/src/drivers/nrf_oberon/liboberon_psa_driver.a
LOAD C:/ncs/v3.1.1/nrfxlib/crypto/nrf_oberon/lib/cortex-m33/hard-float/liboberon_mbedtls_3.0.17.a
LOAD modules/nrf/subsys/nrf_security/src/libmbedcrypto_base.a
LOAD C:/ncs/toolchains/c1a76fddb2/opt/zephyr-sdk/arm-zephyr-eabi/arm-zephyr-eabi/lib/thumb/v8-m.main+fp/hard\libc_nano.a
LOAD modules/nrf/subsys/nrf_security/src/libnrf_security_utils.a
LOAD zephyr/kernel/libkernel.a
LOAD C:/ncs/v3.1.1/nrfxlib/crypto/nrf_oberon/lib/cortex-m33/hard-float/liboberon_3.0.17.a
LOAD zephyr/arch/common/libisr_tables.a
LOAD C:/ncs/toolchains/c1a76fddb2/opt/zephyr-sdk/arm-zephyr-eabi/arm-zephyr-eabi/lib/thumb/v8-m.main+fp/hard\libm_nano.a
LOAD C:/ncs/toolchains/c1a76fddb2/opt/zephyr-sdk/arm-zephyr-eabi/arm-zephyr-eabi/lib/thumb/v8-m.main+fp/hard\libc_nano.a
LOAD c:/ncs/toolchains/c1a76fddb2/opt/zephyr-sdk/arm-zephyr-eabi/bin/../lib/gcc/arm-zephyr-eabi/12.2.0/thumb/v8-m.main+fp/hard\libgcc.a
LOAD C:/ncs/toolchains/c1a76fddb2/opt/zephyr-sdk/arm-zephyr-eabi/arm-zephyr-eabi/lib/thumb/v8-m.main+fp/hard\libc_nano.a
                0x0000000000000020                _region_min_align = 0x20

.rel.plt        0x0000000000000000        0x0
 *(SORT_BY_ALIGNMENT(.rel.plt))
                [!provide]                        PROVIDE (__rel_iplt_start = .)
 *(SORT_BY_ALIGNMENT(.rel.iplt))
 .rel.iplt      0x0000000000000000        0x0 app/libapp.a(main.c.obj)
                [!provide]                        PROVIDE (__rel_iplt_end = .)

.rela.plt       0x0000000000000000        0x0
 *(SORT_BY_ALIGNMENT(.rela.plt))
                [!provide]                        PROVIDE (__rela_iplt_start = .)
 *(SORT_BY_ALIGNMENT(.rela.iplt))
                [!provide]                        PROVIDE (__rela_iplt_end = .)

.rel.dyn
 *(SORT_BY_ALIGNMENT(.rel.*))

.rela.dyn
 *(SORT_BY_ALIGNMENT(.rela.*))

/DISCARD/
 *(SORT_BY_ALIGNMENT(.plt))

/DISCARD/
 *(SORT_BY_ALIGNMENT(.iplt))
                0x0000000000000000                __rom_region_start = 0x0

rom_start       0x0000000000000000      0x154
                0x0000000000000000                __rom_start_address = .
 FILL mask 0x00
                0x0000000000000000                . = (. + (0x0 - (. - __rom_start_address)))
                0x0000000000000000                . = ALIGN (0x4)
                0x0000000000000000                . = ALIGN (0x80)
                0x0000000000000000                . = ALIGN (0x200)
                0x0000000000000000                _vector_start = .
 *(SORT_BY_ALIGNMENT(.exc_vector_table))
 *(SORT_BY_ALIGNMENT(.exc_vector_table.*))
 .exc_vector_table._vector_table_section
                0x0000000000000000       0x40 zephyr/arch/arch/arm/core/cortex_m/libarch__arm__core__cortex_m.a(vector_table.S.obj)
                0x0000000000000000                _vector_table
 *(SORT_BY_ALIGNMENT(.vectors))
                0x0000000000000154                _vector_end = .
                0x0000000000000040                . = ALIGN (0x4)
 *(SORT_BY_ALIGNMENT(.gnu.linkonce.irq_vector_table*))
 .gnu.linkonce.irq_vector_table
                0x0000000000000040      0x114 zephyr/arch/common/libisr_tables.a(isr_tables.c.obj)
                0x0000000000000040                _irq_vector_table
                0x0000000000000154                _vector_end = .

text            0x0000000000000158    0x1ee3c
                0x0000000000000158                __text_region_start = .
 *(SORT_BY_ALIGNMENT(.text))
 .text          0x0000000000000158      0x484 C:/ncs/v3.1.1/nrfxlib/crypto/nrf_oberon/lib/cortex-m33/hard-float/liboberon_3.0.17.a(ocrypto_aes.s.obj)
                0x0000000000000158                ocrypto_aes_slice
                0x0000000000000204                ocrypto_aes_unslice
                0x00000000000002b0                ocrypto_aes_encrypt_block
                0x0000000000000558                ocrypto_aes_key_schedule
 .text          0x00000000000005dc      0x2a8 C:/ncs/v3.1.1/nrfxlib/crypto/nrf_oberon/lib/cortex-m33/hard-float/liboberon_3.0.17.a(ocrypto_aes_dec.s.obj)
                0x00000000000005dc                ocrypto_aes_decrypt_block
                0x0000000000000880                ocrypto_aes_decrypt_key_schedule
 .text          0x0000000000000884       0x5c C:/ncs/v3.1.1/nrfxlib/crypto/nrf_oberon/lib/cortex-m33/hard-float/liboberon_3.0.17.a(ocrypto_constant_time.s.obj)
                0x0000000000000884                ocrypto_constant_time_equal
                0x00000000000008ac                ocrypto_constant_time_is_zero
                0x00000000000008c8                ocrypto_constant_time_xor
 .text          0x00000000000008e0      0x334 C:/ncs/v3.1.1/nrfxlib/crypto/nrf_oberon/lib/cortex-m33/hard-float/liboberon_3.0.17.a(ocrypto_sha256_loop.s.obj)
                0x00000000000008e0                ocrypto_sha256_loop
 .text          0x0000000000000c14      0x378 c:/ncs/toolchains/c1a76fddb2/opt/zephyr-sdk/arm-zephyr-eabi/bin/../lib/gcc/arm-zephyr-eabi/12.2.0/thumb/v8-m.main+fp/hard\libgcc.a(_arm_addsubdf3.o)
                0x0000000000000c14                __aeabi_drsub
                0x0000000000000c1c                __aeabi_dsub
                0x0000000000000c1c                __subdf3
                0x0000000000000c20                __aeabi_dadd
                0x0000000000000c20                __adddf3
                0x0000000000000e98                __floatunsidf
                0x0000000000000e98                __aeabi_ui2d
                0x0000000000000eb8                __floatsidf
                0x0000000000000eb8                __aeabi_i2d
                0x0000000000000edc                __aeabi_f2d
                0x0000000000000edc                __extendsfdf2
                0x0000000000000f20                __floatundidf
                0x0000000000000f20                __aeabi_ul2d
                0x0000000000000f30                __floatdidf
                0x0000000000000f30                __aeabi_l2d
 .text          0x0000000000000f8c      0x424 c:/ncs/toolchains/c1a76fddb2/opt/zephyr-sdk/arm-zephyr-eabi/bin/../lib/gcc/arm-zephyr-eabi/12.2.0/thumb/v8-m.main+fp/hard\libgcc.a(_arm_muldivdf3.o)
                0x0000000000000f8c                __aeabi_dmul
                0x0000000000000f8c                __muldf3
                0x00000000000011e0                __divdf3
                0x00000000000011e0                __aeabi_ddiv
 .text          0x00000000000013b0      0x110 c:/ncs/toolchains/c1a76fddb2/opt/zephyr-sdk/arm-zephyr-eabi/bin/../lib/gcc/arm-zephyr-eabi/12.2.0/thumb/v8-m.main+fp/hard\libgcc.a(_arm_cmpdf2.o)
                0x00000000000013b0                __gtdf2
                0x00000000000013b0                __gedf2
                0x00000000000013b8                __ltdf2
                0x00000000000013b8                __ledf2
                0x00000000000013c0                __nedf2
                0x00000000000013c0                __eqdf2
                0x00000000000013c0                __cmpdf2
                0x000000000000143c                __aeabi_cdrcmple
                0x000000000000144c                __aeabi_cdcmpeq
                0x000000000000144c                __aeabi_cdcmple
                0x000000000000145c                __aeabi_dcmpeq
                0x0000000000001470                __aeabi_dcmplt
                0x0000000000001484                __aeabi_dcmple
                0x0000000000001498                __aeabi_dcmpge
                0x00000000000014ac                __aeabi_dcmpgt
 .text          0x00000000000014c0       0x2c c:/ncs/toolchains/c1a76fddb2/opt/zephyr-sdk/arm-zephyr-eabi/bin/../lib/gcc/arm-zephyr-eabi/12.2.0/thumb/v8-m.main+fp/hard\libgcc.a(_arm_unorddf2.o)
                0x00000000000014c0                __unorddf2
                0x00000000000014c0                __aeabi_dcmpun
 .text          0x00000000000014ec       0x50 c:/ncs/toolchains/c1a76fddb2/opt/zephyr-sdk/arm-zephyr-eabi/bin/../lib/gcc/arm-zephyr-eabi/12.2.0/thumb/v8-m.main+fp/hard\libgcc.a(_arm_fixdfsi.o)
                0x00000000000014ec                __aeabi_d2iz
                0x00000000000014ec                __fixdfsi
 .text          0x000000000000153c       0xa0 c:/ncs/toolchains/c1a76fddb2/opt/zephyr-sdk/arm-zephyr-eabi/bin/../lib/gcc/arm-zephyr-eabi/12.2.0/thumb/v8-m.main+fp/hard\libgcc.a(_aeabi_ldivmod.o)
                0x000000000000153c                __aeabi_ldivmod
 .text          0x00000000000015dc       0x30 c:/ncs/toolchains/c1a76fddb2/opt/zephyr-sdk/arm-zephyr-eabi/bin/../lib/gcc/arm-zephyr-eabi/12.2.0/thumb/v8-m.main+fp/hard\libgcc.a(_aeabi_uldivmod.o)
                0x00000000000015dc                __aeabi_uldivmod
 .text          0x000000000000160c        0x4 c:/ncs/toolchains/c1a76fddb2/opt/zephyr-sdk/arm-zephyr-eabi/bin/../lib/gcc/arm-zephyr-eabi/12.2.0/thumb/v8-m.main+fp/hard\libgcc.a(_dvmd_tls.o)
                0x000000000000160c                __aeabi_idiv0
                0x000000000000160c                __aeabi_ldiv0
 .text          0x0000000000001610       0x14 C:/ncs/toolchains/c1a76fddb2/opt/zephyr-sdk/arm-zephyr-eabi/arm-zephyr-eabi/lib/thumb/v8-m.main+fp/hard\libc_nano.a(lib_a-strcmp.o)
                0x0000000000001610                strcmp
 .text          0x0000000000001624       0x10 C:/ncs/toolchains/c1a76fddb2/opt/zephyr-sdk/arm-zephyr-eabi/arm-zephyr-eabi/lib/thumb/v8-m.main+fp/hard\libc_nano.a(lib_a-strlen.o)
                0x0000000000001624                strlen
 .text          0x0000000000001634      0x29c c:/ncs/toolchains/c1a76fddb2/opt/zephyr-sdk/arm-zephyr-eabi/bin/../lib/gcc/arm-zephyr-eabi/12.2.0/thumb/v8-m.main+fp/hard\libgcc.a(_udivmoddi4.o)
                0x0000000000001634                __udivmoddi4
 *(SORT_BY_ALIGNMENT(.text.*))
 .text.mlx90632_get_emissivity
                0x00000000000018d0       0x34 app/libapp.a(mlx90632_lib.c.obj)
                0x00000000000018d0                mlx90632_get_emissivity
 *fill*         0x0000000000001904        0x4 
 .text.mlx90632_calc_temp_object
                0x0000000000001908      0x204 app/libapp.a(mlx90632_lib.c.obj)
                0x0000000000001908                mlx90632_calc_temp_object
 *fill*         0x0000000000001b0c        0x4 
 .text.z_cbvprintf_impl
                0x0000000000001b10      0xd1c zephyr/libzephyr.a(cbprintf_complete.c.obj)
                0x0000000000001b10                z_cbvprintf_impl
 .text.storage_oldest_record_id_locked
                0x000000000000282c       0x10 app/libapp.a(main.c.obj)
 .text.storage_newest_record_id_locked
                0x000000000000283c       0x10 app/libapp.a(main.c.obj)
 .text.data_ccc_changed
                0x000000000000284c       0x10 app/libapp.a(main.c.obj)
 .text.storage_read_record_by_id
                0x000000000000285c       0x98 app/libapp.a(main.c.obj)
 .text.disconnected
                0x00000000000028f4       0x78 app/libapp.a(main.c.obj)
 .text.relife_refresh_status_packet
                0x000000000000296c       0x74 app/libapp.a(main.c.obj)
 .text.relife_read_status
                0x00000000000029e0       0x34 app/libapp.a(main.c.obj)
 .text.bt_conn_get_ref
                0x0000000000002a14       0x30 app/libapp.a(main.c.obj)
 .text.connected.part.0
                0x0000000000002a44       0x70 app/libapp.a(main.c.obj)
 .text.storage_persist_locked
                0x0000000000002ab4       0x30 app/libapp.a(main.c.obj)
 .text.storage_reset_locked
                0x0000000000002ae4       0x34 app/libapp.a(main.c.obj)
 .text.relife_notify_status.isra.0
                0x0000000000002b18       0x54 app/libapp.a(main.c.obj)
 .text.relife_set_error
                0x0000000000002b6c       0x18 app/libapp.a(main.c.obj)
 .text.start_sync_session
                0x0000000000002b84       0xbc app/libapp.a(main.c.obj)
 .text.sync_thread_fn
                0x0000000000002c40      0x130 app/libapp.a(main.c.obj)
 .text.measurement_thread_fn
                0x0000000000002d70      0x238 app/libapp.a(main.c.obj)
 .text.status_ccc_changed
                0x0000000000002fa8       0x18 app/libapp.a(main.c.obj)
 .text.connected
                0x0000000000002fc0       0x24 app/libapp.a(main.c.obj)
 .text.relife_control_write
                0x0000000000002fe4      0x180 app/libapp.a(main.c.obj)
 .text.main     0x0000000000003164      0x1e4 app/libapp.a(main.c.obj)
                0x0000000000003164                main
 .text.relife_debug_get_storage_meta
                0x0000000000003348       0x4c app/libapp.a(main.c.obj)
                0x0000000000003348                relife_debug_get_storage_meta
 .text.relife_debug_get_latest_record
                0x0000000000003394       0x64 app/libapp.a(main.c.obj)
                0x0000000000003394                relife_debug_get_latest_record
 .text.relife_debug_get_status
                0x00000000000033f8       0x24 app/libapp.a(main.c.obj)
                0x00000000000033f8                relife_debug_get_status
 .text.relife_debug_get_bt_state
                0x000000000000341c       0x48 app/libapp.a(main.c.obj)
                0x000000000000341c                relife_debug_get_bt_state
 .text.relife_debug_read_rtc
                0x0000000000003464       0x50 app/libapp.a(main.c.obj)
                0x0000000000003464                relife_debug_read_rtc
 .text.relife_debug_set_rtc
                0x00000000000034b4       0x94 app/libapp.a(main.c.obj)
                0x00000000000034b4                relife_debug_set_rtc
 .text.relife_debug_read_steps
                0x0000000000003548       0x4c app/libapp.a(main.c.obj)
                0x0000000000003548                relife_debug_read_steps
 .text.relife_debug_read_skin_temp
                0x0000000000003594       0x48 app/libapp.a(main.c.obj)
                0x0000000000003594                relife_debug_read_skin_temp
 .text.relife_debug_read_pulse
                0x00000000000035dc       0x64 app/libapp.a(main.c.obj)
                0x00000000000035dc                relife_debug_read_pulse
 .text.relife_debug_abort_sync
                0x0000000000003640       0x30 app/libapp.a(main.c.obj)
                0x0000000000003640                relife_debug_abort_sync
 .text.board_power_init
                0x0000000000003670       0x58 app/libapp.a(board_power.c.obj)
                0x0000000000003670                board_power_init
 .text.board_power_enable_sensor_rails
                0x00000000000036c8       0x74 app/libapp.a(board_power.c.obj)
                0x00000000000036c8                board_power_enable_sensor_rails
 .text.fram_spi_transceive
                0x000000000000373c       0x38 app/libapp.a(fram_cy15b108.c.obj)
 .text.fram_cs_assert
                0x0000000000003774       0x10 app/libapp.a(fram_cy15b108.c.obj)
 .text.fram_cs_deassert
                0x0000000000003784       0x10 app/libapp.a(fram_cy15b108.c.obj)
 .text.fram_spi_write
                0x0000000000003794       0x2c app/libapp.a(fram_cy15b108.c.obj)
 .text.fram_drv_init
                0x00000000000037c0       0xe4 app/libapp.a(fram_cy15b108.c.obj)
                0x00000000000037c0                fram_drv_init
 .text.fram_drv_read
                0x00000000000038a4       0x84 app/libapp.a(fram_cy15b108.c.obj)
                0x00000000000038a4                fram_drv_read
 .text.fram_drv_write
                0x0000000000003928       0x98 app/libapp.a(fram_cy15b108.c.obj)
                0x0000000000003928                fram_drv_write
 .text.fram_drv_is_ready
                0x00000000000039c0        0xc app/libapp.a(fram_cy15b108.c.obj)
                0x00000000000039c0                fram_drv_is_ready
 .text.rv3028_datetime_valid
                0x00000000000039cc       0x70 app/libapp.a(rv3028_simple.c.obj)
 .text.rv3028_read_datetime
                0x0000000000003a3c       0xc0 app/libapp.a(rv3028_simple.c.obj)
 .text.rv3028_init
                0x0000000000003afc       0x74 app/libapp.a(rv3028_simple.c.obj)
                0x0000000000003afc                rv3028_init
 .text.rv3028_get_unix_time
                0x0000000000003b70       0xdc app/libapp.a(rv3028_simple.c.obj)
                0x0000000000003b70                rv3028_get_unix_time
 .text.rv3028_set_unix_time
                0x0000000000003c4c      0x1d8 app/libapp.a(rv3028_simple.c.obj)
                0x0000000000003c4c                rv3028_set_unix_time
 .text.rv3028_is_ready
                0x0000000000003e24        0xc app/libapp.a(rv3028_simple.c.obj)
                0x0000000000003e24                rv3028_is_ready
 .text.bma_i2c_write
                0x0000000000003e30       0x58 app/libapp.a(bma400_simple.c.obj)
 .text.bma_i2c_read
                0x0000000000003e88       0x50 app/libapp.a(bma400_simple.c.obj)
 .text.bma400_simple_init
                0x0000000000003ed8      0x11c app/libapp.a(bma400_simple.c.obj)
                0x0000000000003ed8                bma400_simple_init
 .text.bma400_simple_get_steps
                0x0000000000003ff4       0x2c app/libapp.a(bma400_simple.c.obj)
                0x0000000000003ff4                bma400_simple_get_steps
 .text.bma400_simple_is_ready
                0x0000000000004020        0xc app/libapp.a(bma400_simple.c.obj)
                0x0000000000004020                bma400_simple_is_ready
 .text.reg_write
                0x000000000000402c       0x3c app/libapp.a(max30101_simple.c.obj)
 .text.reg_read
                0x0000000000004068       0x20 app/libapp.a(max30101_simple.c.obj)
 .text.process_ppg_slot
                0x0000000000004088      0x1d4 app/libapp.a(max30101_simple.c.obj)
 .text.max30101_simple_init
                0x000000000000425c       0x78 app/libapp.a(max30101_simple.c.obj)
                0x000000000000425c                max30101_simple_init
 .text.max30101_simple_capture
                0x00000000000042d4      0x218 app/libapp.a(max30101_simple.c.obj)
                0x00000000000042d4                max30101_simple_capture
 .text.max30101_simple_is_ready
                0x00000000000044ec        0xc app/libapp.a(max30101_simple.c.obj)
                0x00000000000044ec                max30101_simple_is_ready
 .text.mlx90632_i2c_read
                0x00000000000044f8       0x50 app/libapp.a(mlx90632_simple.c.obj)
                0x00000000000044f8                mlx90632_i2c_read
 .text.mlx90632_i2c_write
                0x0000000000004548       0x40 app/libapp.a(mlx90632_simple.c.obj)
                0x0000000000004548                mlx90632_i2c_write
 .text.mlx90632_simple_init
                0x0000000000004588      0x148 app/libapp.a(mlx90632_simple.c.obj)
                0x0000000000004588                mlx90632_simple_init
 .text.mlx90632_simple_read_centi_degrees
                0x00000000000046d0       0xf0 app/libapp.a(mlx90632_simple.c.obj)
                0x00000000000046d0                mlx90632_simple_read_centi_degrees
 .text.mlx90632_simple_is_ready
                0x00000000000047c0        0xc app/libapp.a(mlx90632_simple.c.obj)
                0x00000000000047c0                mlx90632_simple_is_ready
 .text.mlx90632_preprocess_temp_ambient
                0x00000000000047cc       0x6c app/libapp.a(mlx90632_lib.c.obj)
                0x00000000000047cc                mlx90632_preprocess_temp_ambient
 .text.mlx90632_preprocess_temp_object
                0x0000000000004838       0x8c app/libapp.a(mlx90632_lib.c.obj)
                0x0000000000004838                mlx90632_preprocess_temp_object
 .text.print_temp_centi
                0x00000000000048c4       0x28 app/libapp.a(shell_commands.c.obj)
 .text.print_record
                0x00000000000048ec       0xf0 app/libapp.a(shell_commands.c.obj)
 .text.cmd_bt_status
                0x00000000000049dc       0xc8 app/libapp.a(shell_commands.c.obj)
 .text.parse_u32_arg
                0x0000000000004aa4       0x4c app/libapp.a(shell_commands.c.obj)
 .text.cmd_zeit_setzen
                0x0000000000004af0       0xe8 app/libapp.a(shell_commands.c.obj)
 .text.print_empty_storage_hint
                0x0000000000004bd8       0x28 app/libapp.a(shell_commands.c.obj)
 .text.cmd_hilfe
                0x0000000000004c00      0x108 app/libapp.a(shell_commands.c.obj)
 .text.cmd_fram_info
                0x0000000000004d08       0xc8 app/libapp.a(shell_commands.c.obj)
 .text.print_no_record
                0x0000000000004dd0       0x2c app/libapp.a(shell_commands.c.obj)
 .text.cmd_zeit
                0x0000000000004dfc       0xe8 app/libapp.a(shell_commands.c.obj)
 .text.cmd_schritte
                0x0000000000004ee4       0xc8 app/libapp.a(shell_commands.c.obj)
 .text.cmd_temperatur
                0x0000000000004fac       0xb8 app/libapp.a(shell_commands.c.obj)
 .text.cmd_puls
                0x0000000000005064      0x14c app/libapp.a(shell_commands.c.obj)
 .text.cmd_fram_record
                0x00000000000051b0       0x5c app/libapp.a(shell_commands.c.obj)
 .text.cmd_sync_abort
                0x000000000000520c       0x60 app/libapp.a(shell_commands.c.obj)
 .text.cmd_sync_force
                0x000000000000526c      0x13c app/libapp.a(shell_commands.c.obj)
 .text.cmd_status
                0x00000000000053a8      0x18c app/libapp.a(shell_commands.c.obj)
 .text.cmd_sync_status
                0x0000000000005534       0xb4 app/libapp.a(shell_commands.c.obj)
 .text.bma400_set_sensor_conf
                0x00000000000055e8      0x5f4 app/libapp.a(bma400.c.obj)
                0x00000000000055e8                bma400_set_sensor_conf
 .text.cbvprintf_package
                0x0000000000005bdc      0x3a4 zephyr/libzephyr.a(cbprintf_packaged.c.obj)
                0x0000000000005bdc                cbvprintf_package
 .text.cbprintf_package_convert
                0x0000000000005f80      0x3d4 zephyr/libzephyr.a(cbprintf_packaged.c.obj)
                0x0000000000005f80                cbprintf_package_convert
 .text.__printk_hook_install
                0x0000000000006354        0xc zephyr/libzephyr.a(printk.c.obj)
                0x0000000000006354                __printk_hook_install
 .text.vsnprintk
                0x0000000000006360       0x2c zephyr/libzephyr.a(printk.c.obj)
                0x0000000000006360                vsnprintk
 .text.extract_decimal
                0x000000000000638c       0x2c zephyr/libzephyr.a(cbprintf_complete.c.obj)
 .text.encode_uint
                0x00000000000063b8       0x9c zephyr/libzephyr.a(cbprintf_complete.c.obj)
 .text.process_event
                0x0000000000006454      0x21c zephyr/libzephyr.a(onoff.c.obj)
 .text.ipc_service_open_instance
                0x0000000000006670       0x4c zephyr/libzephyr.a(ipc_service.c.obj)
                0x0000000000006670                ipc_service_open_instance
 .text.ipc_service_close_instance
                0x00000000000066bc       0x4c zephyr/libzephyr.a(ipc_service.c.obj)
                0x00000000000066bc                ipc_service_close_instance
 .text.ipc_service_register_endpoint
                0x0000000000006708       0x50 zephyr/libzephyr.a(ipc_service.c.obj)
                0x0000000000006708                ipc_service_register_endpoint
 .text.ipc_service_deregister_endpoint
                0x0000000000006758       0x6c zephyr/libzephyr.a(ipc_service.c.obj)
                0x0000000000006758                ipc_service_deregister_endpoint
 .text.ipc_service_send
                0x00000000000067c4       0x6c zephyr/libzephyr.a(ipc_service.c.obj)
                0x00000000000067c4                ipc_service_send
 .text.shared_memory_prepare
                0x0000000000006830       0x14 zephyr/libzephyr.a(ipc_rpmsg_static_vrings.c.obj)
 .text.advertise_ept
                0x0000000000006844       0x44 zephyr/libzephyr.a(ipc_rpmsg_static_vrings.c.obj)
 .text.get_ept  0x0000000000006888       0x28 zephyr/libzephyr.a(ipc_rpmsg_static_vrings.c.obj)
 .text.open     0x00000000000068b0      0x1c8 zephyr/libzephyr.a(ipc_rpmsg_static_vrings.c.obj)
 .text.bound_cb
                0x0000000000006a78       0x30 zephyr/libzephyr.a(ipc_rpmsg_static_vrings.c.obj)
 .text.send     0x0000000000006aa8       0x4c zephyr/libzephyr.a(ipc_rpmsg_static_vrings.c.obj)
 .text.register_ept
                0x0000000000006af4       0xec zephyr/libzephyr.a(ipc_rpmsg_static_vrings.c.obj)
 .text.deregister_ept
                0x0000000000006be0       0x44 zephyr/libzephyr.a(ipc_rpmsg_static_vrings.c.obj)
 .text.ns_bind_cb
                0x0000000000006c24       0x6c zephyr/libzephyr.a(ipc_rpmsg.c.obj)
 .text.ipc_rpmsg_register_ept
                0x0000000000006c90       0x3c zephyr/libzephyr.a(ipc_rpmsg.c.obj)
                0x0000000000006c90                ipc_rpmsg_register_ept
 .text.ipc_rpmsg_init
                0x0000000000006ccc       0x70 zephyr/libzephyr.a(ipc_rpmsg.c.obj)
                0x0000000000006ccc                ipc_rpmsg_init
 .text.ipc_static_vrings_init
                0x0000000000006d3c       0xbc zephyr/libzephyr.a(ipc_static_vrings.c.obj)
                0x0000000000006d3c                ipc_static_vrings_init
 .text.activate_foreach_backend
                0x0000000000006df8       0x64 zephyr/libzephyr.a(log_core.c.obj)
 .text.enable_logger
                0x0000000000006e5c       0x5c zephyr/libzephyr.a(log_core.c.obj)
 .text.log_process_thread_timer_expiry_fn
                0x0000000000006eb8        0xc zephyr/libzephyr.a(log_core.c.obj)
 .text.z_log_init
                0x0000000000006ec4       0x98 zephyr/libzephyr.a(log_core.c.obj)
 .text.log_set_timestamp_func
                0x0000000000006f5c       0x20 zephyr/libzephyr.a(log_core.c.obj)
                0x0000000000006f5c                log_set_timestamp_func
 .text.z_log_notify_backend_enabled
                0x0000000000006f7c       0x1c zephyr/libzephyr.a(log_core.c.obj)
                0x0000000000006f7c                z_log_notify_backend_enabled
 .text.z_log_dropped
                0x0000000000006f98       0x3c zephyr/libzephyr.a(log_core.c.obj)
                0x0000000000006f98                z_log_dropped
 .text.z_log_dropped_read_and_clear
                0x0000000000006fd4       0x18 zephyr/libzephyr.a(log_core.c.obj)
                0x0000000000006fd4                z_log_dropped_read_and_clear
 .text.dropped_notify
                0x0000000000006fec       0x30 zephyr/libzephyr.a(log_core.c.obj)
                0x0000000000006fec                dropped_notify
 .text.z_log_msg_init
                0x000000000000701c       0x20 zephyr/libzephyr.a(log_core.c.obj)
                0x000000000000701c                z_log_msg_init
 .text.log_core_init
                0x000000000000703c       0x54 zephyr/libzephyr.a(log_core.c.obj)
                0x000000000000703c                log_core_init
 .text.z_log_msg_alloc
                0x0000000000007090       0x10 zephyr/libzephyr.a(log_core.c.obj)
                0x0000000000007090                z_log_msg_alloc
 .text.z_log_msg_local_claim
                0x00000000000070a0        0xc zephyr/libzephyr.a(log_core.c.obj)
                0x00000000000070a0                z_log_msg_local_claim
 .text.z_log_msg_free
                0x00000000000070ac       0x10 zephyr/libzephyr.a(log_core.c.obj)
                0x00000000000070ac                z_log_msg_free
 .text.z_log_msg_pending
                0x00000000000070bc        0xc zephyr/libzephyr.a(log_core.c.obj)
                0x00000000000070bc                z_log_msg_pending
 .text.z_impl_log_process
                0x00000000000070c8       0xf0 zephyr/libzephyr.a(log_core.c.obj)
                0x00000000000070c8                z_impl_log_process
 .text.z_impl_log_panic
                0x00000000000071b8       0x44 zephyr/libzephyr.a(log_core.c.obj)
                0x00000000000071b8                z_impl_log_panic
 .text.log_process_thread_func
                0x00000000000071fc       0x9c zephyr/libzephyr.a(log_core.c.obj)
 .text.z_log_msg_post_finalize
                0x0000000000007298       0x78 zephyr/libzephyr.a(log_core.c.obj)
 .text.z_log_msg_commit
                0x0000000000007310       0x24 zephyr/libzephyr.a(log_core.c.obj)
                0x0000000000007310                z_log_msg_commit
 .text.log_source_name_get
                0x0000000000007334       0x1c zephyr/libzephyr.a(log_mgmt.c.obj)
                0x0000000000007334                log_source_name_get
 .text.z_log_runtime_filters_init
                0x0000000000007350       0x3c zephyr/libzephyr.a(log_mgmt.c.obj)
                0x0000000000007350                z_log_runtime_filters_init
 .text.filter_set
                0x000000000000738c       0xbc zephyr/libzephyr.a(log_mgmt.c.obj)
                0x000000000000738c                filter_set
 .text.backend_filter_set
                0x0000000000007448       0x30 zephyr/libzephyr.a(log_mgmt.c.obj)
 .text.log_filter_get
                0x0000000000007478       0x4c zephyr/libzephyr.a(log_mgmt.c.obj)
                0x0000000000007478                log_filter_get
 .text.z_impl_z_log_msg_static_create
                0x00000000000074c4      0x110 zephyr/libzephyr.a(log_msg.c.obj)
                0x00000000000074c4                z_impl_z_log_msg_static_create
 .text.z_log_msg_runtime_vcreate
                0x00000000000075d4       0xb0 zephyr/libzephyr.a(log_msg.c.obj)
                0x00000000000075d4                z_log_msg_runtime_vcreate
 .text.log_msg_get_source_id
                0x0000000000007684       0x18 zephyr/libzephyr.a(log_msg.c.obj)
                0x0000000000007684                log_msg_get_source_id
 .text.print_formatted
                0x000000000000769c       0x24 zephyr/libzephyr.a(log_output.c.obj)
 .text.newline_print
                0x00000000000076c0       0x1c zephyr/libzephyr.a(log_output.c.obj)
 .text.log_output_process
                0x00000000000076dc      0x2dc zephyr/libzephyr.a(log_output.c.obj)
                0x00000000000076dc                log_output_process
 .text.log_output_dropped_process
                0x00000000000079b8       0x58 zephyr/libzephyr.a(log_output.c.obj)
                0x00000000000079b8                log_output_dropped_process
 .text.log_output_timestamp_freq_set
                0x0000000000007a10       0x2c zephyr/libzephyr.a(log_output.c.obj)
                0x0000000000007a10                log_output_timestamp_freq_set
 .text.mem_attr_get_regions
                0x0000000000007a3c        0xc zephyr/libzephyr.a(mem_attr.c.obj)
                0x0000000000007a3c                mem_attr_get_regions
 .text.enable   0x0000000000007a48       0x1c zephyr/libzephyr.a(shell_rtt.c.obj)
 .text.enable_shell_rtt
                0x0000000000007a64       0x24 zephyr/libzephyr.a(shell_rtt.c.obj)
 .text.init     0x0000000000007a88       0x34 zephyr/libzephyr.a(shell_rtt.c.obj)
 .text.on_failed_write
                0x0000000000007abc       0x28 zephyr/libzephyr.a(shell_rtt.c.obj)
 .text.write    0x0000000000007ae4       0xa8 zephyr/libzephyr.a(shell_rtt.c.obj)
 .text.shell_internal_help_print
                0x0000000000007b8c       0x20 zephyr/libzephyr.a(shell.c.obj)
 .text.z_shell_raw_fprintf.constprop.0
                0x0000000000007bac       0x1c zephyr/libzephyr.a(shell.c.obj)
 .text.z_cursor_next_line_move.isra.0
                0x0000000000007bc8        0xc zephyr/libzephyr.a(shell.c.obj)
 .text.execute  0x0000000000007bd4      0x2c8 zephyr/libzephyr.a(shell.c.obj)
 .text.state_set.constprop.0
                0x0000000000007e9c       0x4c zephyr/libzephyr.a(shell.c.obj)
 .text.shell_process
                0x0000000000007ee8      0x690 zephyr/libzephyr.a(shell.c.obj)
                0x0000000000007ee8                shell_process
 .text.shell_thread
                0x0000000000008578       0xe4 zephyr/libzephyr.a(shell.c.obj)
                0x0000000000008578                shell_thread
 .text.cmd_help
                0x000000000000865c       0x44 zephyr/libzephyr.a(shell.c.obj)
 .text.shell_init
                0x00000000000086a0       0xf0 zephyr/libzephyr.a(shell.c.obj)
                0x00000000000086a0                shell_init
 .text.z_shell_fprintf_fmt
                0x0000000000008790       0x30 zephyr/libzephyr.a(shell_fprintf.c.obj)
                0x0000000000008790                z_shell_fprintf_fmt
 .text.z_shell_make_argv
                0x00000000000087c0      0x1b8 zephyr/libzephyr.a(shell_utils.c.obj)
                0x00000000000087c0                z_shell_make_argv
 .text.z_shell_cmd_get
                0x0000000000008978       0x74 zephyr/libzephyr.a(shell_utils.c.obj)
                0x0000000000008978                z_shell_cmd_get
 .text.z_shell_spaces_trim
                0x00000000000089ec       0x6c zephyr/libzephyr.a(shell_utils.c.obj)
                0x00000000000089ec                z_shell_spaces_trim
 .text.z_shell_cmd_trim
                0x0000000000008a58       0x7c zephyr/libzephyr.a(shell_utils.c.obj)
                0x0000000000008a58                z_shell_cmd_trim
 .text.z_cursor_next_line_move.isra.0
                0x0000000000008ad4        0xc zephyr/libzephyr.a(shell_ops.c.obj)
 .text.z_shell_op_cursor_word_move
                0x0000000000008ae0       0x7c zephyr/libzephyr.a(shell_ops.c.obj)
                0x0000000000008ae0                z_shell_op_cursor_word_move
 .text.z_shell_print_cmd
                0x0000000000008b5c       0x78 zephyr/libzephyr.a(shell_ops.c.obj)
                0x0000000000008b5c                z_shell_print_cmd
 .text.z_shell_op_word_remove
                0x0000000000008bd4       0x9c zephyr/libzephyr.a(shell_ops.c.obj)
                0x0000000000008bd4                z_shell_op_word_remove
 .text.reprint_from_cursor
                0x0000000000008c70       0xd8 zephyr/libzephyr.a(shell_ops.c.obj)
 .text.z_shell_op_char_insert
                0x0000000000008d48       0x70 zephyr/libzephyr.a(shell_ops.c.obj)
                0x0000000000008d48                z_shell_op_char_insert
 .text.z_shell_print_prompt_and_cmd
                0x0000000000008db8       0x30 zephyr/libzephyr.a(shell_ops.c.obj)
                0x0000000000008db8                z_shell_print_prompt_and_cmd
 .text.z_cursor_next_line_move.isra.0
                0x0000000000008de8        0xc zephyr/libzephyr.a(shell_help.c.obj)
 .text.formatted_text_print.constprop.0
                0x0000000000008df4       0xe4 zephyr/libzephyr.a(shell_help.c.obj)
 .text.z_shell_help_subcmd_print
                0x0000000000008ed8       0xe4 zephyr/libzephyr.a(shell_help.c.obj)
                0x0000000000008ed8                z_shell_help_subcmd_print
 .text.z_shell_help_cmd_print
                0x0000000000008fbc       0x40 zephyr/libzephyr.a(shell_help.c.obj)
                0x0000000000008fbc                z_shell_help_cmd_print
 .text.z_shell_help_request
                0x0000000000008ffc       0x28 zephyr/libzephyr.a(shell_help.c.obj)
                0x0000000000008ffc                z_shell_help_request
 .text.z_shell_wildcard_process
                0x0000000000009024       0xe4 zephyr/libzephyr.a(shell_wildcard.c.obj)
                0x0000000000009024                z_shell_wildcard_process
 .text.boot_banner
                0x0000000000009108       0x1c zephyr/libzephyr.a(banner.c.obj)
                0x0000000000009108                boot_banner
 .text.z_arm_fatal_error
                0x0000000000009124      0x154 zephyr/arch/arch/arm/core/libarch__arm__core.a(fatal.c.obj)
                0x0000000000009124                z_arm_fatal_error
 .text.z_SysNmiOnReset
                0x0000000000009278        0x8 zephyr/arch/arch/arm/core/libarch__arm__core.a(nmi_on_reset.S.obj)
                0x0000000000009278                z_SysNmiOnReset
 .text._HandlerModeExit
                0x0000000000009280       0x20 zephyr/arch/arch/arm/core/cortex_m/libarch__arm__core__cortex_m.a(exc_exit.c.obj)
                0x0000000000009280                z_arm_int_exit
                0x0000000000009280                z_arm_exc_exit
 .text.mem_manage_fault.constprop.0
                0x00000000000092a0      0x100 zephyr/arch/arch/arm/core/cortex_m/libarch__arm__core__cortex_m.a(fault.c.obj)
 .text.usage_fault.constprop.0
                0x00000000000093a0       0xf8 zephyr/arch/arch/arm/core/cortex_m/libarch__arm__core__cortex_m.a(fault.c.obj)
 .text.bus_fault.constprop.0
                0x0000000000009498      0x108 zephyr/arch/arch/arm/core/cortex_m/libarch__arm__core__cortex_m.a(fault.c.obj)
 .text.z_arm_fault
                0x00000000000095a0      0x1fc zephyr/arch/arch/arm/core/cortex_m/libarch__arm__core__cortex_m.a(fault.c.obj)
                0x00000000000095a0                z_arm_fault
 .text.z_arm_fault_init
                0x000000000000979c       0x18 zephyr/arch/arch/arm/core/cortex_m/libarch__arm__core__cortex_m.a(fault.c.obj)
                0x000000000000979c                z_arm_fault_init
 .text.__fault  0x00000000000097b4       0x14 zephyr/arch/arch/arm/core/cortex_m/libarch__arm__core__cortex_m.a(fault_s.S.obj)
                0x00000000000097b4                z_arm_usage_fault
                0x00000000000097b4                z_arm_mpu_fault
                0x00000000000097b4                z_arm_exc_spurious
                0x00000000000097b4                z_arm_debug_monitor
                0x00000000000097b4                z_arm_hard_fault
                0x00000000000097b4                z_arm_bus_fault
 .text._reset_section
                0x00000000000097c8       0x68 zephyr/arch/arch/arm/core/cortex_m/libarch__arm__core__cortex_m.a(reset.S.obj)
                0x00000000000097c8                __start
                0x00000000000097c8                z_arm_reset
 .text.z_arm_clear_arm_mpu_config
                0x0000000000009830       0x24 zephyr/arch/arch/arm/core/cortex_m/libarch__arm__core__cortex_m.a(scb.c.obj)
                0x0000000000009830                z_arm_clear_arm_mpu_config
 .text.z_arm_init_arch_hw_at_boot
                0x0000000000009854       0x4c zephyr/arch/arch/arm/core/cortex_m/libarch__arm__core__cortex_m.a(scb.c.obj)
                0x0000000000009854                z_arm_init_arch_hw_at_boot
 .text.z_impl_k_thread_abort
                0x00000000000098a0       0x2c zephyr/arch/arch/arm/core/cortex_m/libarch__arm__core__cortex_m.a(thread_abort.c.obj)
                0x00000000000098a0                z_impl_k_thread_abort
 .text.z_arm_pendsv
                0x00000000000098cc       0x88 zephyr/arch/arch/arm/core/cortex_m/libarch__arm__core__cortex_m.a(swap_helper.S.obj)
                0x00000000000098cc                z_arm_pendsv
 .text.z_arm_svc
                0x0000000000009954       0x24 zephyr/arch/arch/arm/core/cortex_m/libarch__arm__core__cortex_m.a(swap_helper.S.obj)
                0x0000000000009954                z_arm_svc
 .text.arm_irq_enable
                0x0000000000009978       0x1c zephyr/arch/arch/arm/core/cortex_m/libarch__arm__core__cortex_m.a(irq_manage.c.obj)
                0x0000000000009978                arm_irq_enable
 .text.arm_irq_disable
                0x0000000000009994       0x28 zephyr/arch/arch/arm/core/cortex_m/libarch__arm__core__cortex_m.a(irq_manage.c.obj)
                0x0000000000009994                arm_irq_disable
 .text.arm_irq_is_enabled
                0x00000000000099bc       0x1c zephyr/arch/arch/arm/core/cortex_m/libarch__arm__core__cortex_m.a(irq_manage.c.obj)
                0x00000000000099bc                arm_irq_is_enabled
 .text.arm_irq_priority_set
                0x00000000000099d8       0x2c zephyr/arch/arch/arm/core/cortex_m/libarch__arm__core__cortex_m.a(irq_manage.c.obj)
                0x00000000000099d8                arm_irq_priority_set
 .text.relocate_vector_table
                0x0000000000009a04       0x1c zephyr/arch/arch/arm/core/cortex_m/libarch__arm__core__cortex_m.a(prep_c.c.obj)
                0x0000000000009a04                relocate_vector_table
 .text.z_prep_c
                0x0000000000009a20       0x4c zephyr/arch/arch/arm/core/cortex_m/libarch__arm__core__cortex_m.a(prep_c.c.obj)
                0x0000000000009a20                z_prep_c
 .text.arch_new_thread
                0x0000000000009a6c       0x40 zephyr/arch/arch/arm/core/cortex_m/libarch__arm__core__cortex_m.a(thread.c.obj)
                0x0000000000009a6c                arch_new_thread
 .text.arch_float_disable
                0x0000000000009aac       0x48 zephyr/arch/arch/arm/core/cortex_m/libarch__arm__core__cortex_m.a(thread.c.obj)
                0x0000000000009aac                arch_float_disable
 .text.arch_switch_to_main_thread
                0x0000000000009af4       0x48 zephyr/arch/arch/arm/core/cortex_m/libarch__arm__core__cortex_m.a(thread.c.obj)
                0x0000000000009af4                arch_switch_to_main_thread
 .text.z_arm_cpu_idle_init
                0x0000000000009b3c        0xc zephyr/arch/arch/arm/core/cortex_m/libarch__arm__core__cortex_m.a(cpu_idle.c.obj)
                0x0000000000009b3c                z_arm_cpu_idle_init
 .text.z_arm_interrupt_init
                0x0000000000009b48       0x18 zephyr/arch/arch/arm/core/cortex_m/libarch__arm__core__cortex_m.a(irq_init.c.obj)
                0x0000000000009b48                z_arm_interrupt_init
 .text._isr_wrapper
                0x0000000000009b60       0x24 zephyr/arch/arch/arm/core/cortex_m/libarch__arm__core__cortex_m.a(isr_wrapper.c.obj)
                0x0000000000009b60                _isr_wrapper
 .text.z_arm_configure_static_mpu_regions
                0x0000000000009b84       0x38 zephyr/arch/arch/arm/core/mpu/libarch__arm__core__mpu.a(arm_core_mpu.c.obj)
                0x0000000000009b84                z_arm_configure_static_mpu_regions
 .text.region_init
                0x0000000000009bbc       0x34 zephyr/arch/arch/arm/core/mpu/libarch__arm__core__mpu.a(arm_mpu.c.obj)
 .text.region_allocate_and_init
                0x0000000000009bf0       0x40 zephyr/arch/arch/arm/core/mpu/libarch__arm__core__mpu.a(arm_mpu.c.obj)
 .text.mpu_configure_regions_and_partition.constprop.0
                0x0000000000009c30      0x170 zephyr/arch/arch/arm/core/mpu/libarch__arm__core__mpu.a(arm_mpu.c.obj)
 .text.arm_core_mpu_enable
                0x0000000000009da0       0x18 zephyr/arch/arch/arm/core/mpu/libarch__arm__core__mpu.a(arm_mpu.c.obj)
                0x0000000000009da0                arm_core_mpu_enable
 .text.arm_core_mpu_disable
                0x0000000000009db8       0x14 zephyr/arch/arch/arm/core/mpu/libarch__arm__core__mpu.a(arm_mpu.c.obj)
                0x0000000000009db8                arm_core_mpu_disable
 .text.arm_core_mpu_configure_static_mpu_regions
                0x0000000000009dcc       0x14 zephyr/arch/arch/arm/core/mpu/libarch__arm__core__mpu.a(arm_mpu.c.obj)
                0x0000000000009dcc                arm_core_mpu_configure_static_mpu_regions
 .text.arm_core_mpu_mark_areas_for_dynamic_regions
                0x0000000000009de0       0xb8 zephyr/arch/arch/arm/core/mpu/libarch__arm__core__mpu.a(arm_mpu.c.obj)
                0x0000000000009de0                arm_core_mpu_mark_areas_for_dynamic_regions
 .text.z_arm_mpu_init
                0x0000000000009e98      0x11c zephyr/arch/arch/arm/core/mpu/libarch__arm__core__mpu.a(arm_mpu.c.obj)
                0x0000000000009e98                z_arm_mpu_init
 .text.__stdout_hook_install
                0x0000000000009fb4        0xc zephyr/lib/libc/newlib/liblib__libc__newlib.a(libc-hooks.c.obj)
                0x0000000000009fb4                __stdout_hook_install
 .text.z_impl_zephyr_write_stdout
                0x0000000000009fc0       0x30 zephyr/lib/libc/newlib/liblib__libc__newlib.a(libc-hooks.c.obj)
                0x0000000000009fc0                z_impl_zephyr_write_stdout
 .text._exit    0x0000000000009ff0       0x10 zephyr/lib/libc/newlib/liblib__libc__newlib.a(libc-hooks.c.obj)
                0x0000000000009ff0                _exit
 .text.foldcase
                0x000000000000a000       0x18 zephyr/lib/posix/options/liblib__posix__options.a(fnmatch.c.obj)
 .text.net_buf_destroy
                0x000000000000a018       0x38 zephyr/lib/net_buf/liblib__net_buf.a(buf.c.obj)
 .text.net_buf_pool_get
                0x000000000000a050       0x10 zephyr/lib/net_buf/liblib__net_buf.a(buf.c.obj)
                0x000000000000a050                net_buf_pool_get
 .text.net_buf_id
                0x000000000000a060       0x20 zephyr/lib/net_buf/liblib__net_buf.a(buf.c.obj)
                0x000000000000a060                net_buf_id
 .text.fixed_data_alloc
                0x000000000000a080       0x24 zephyr/lib/net_buf/liblib__net_buf.a(buf.c.obj)
 .text.net_buf_alloc_len
                0x000000000000a0a4       0xfc zephyr/lib/net_buf/liblib__net_buf.a(buf.c.obj)
                0x000000000000a0a4                net_buf_alloc_len
 .text.net_buf_unref
                0x000000000000a1a0       0x38 zephyr/lib/net_buf/liblib__net_buf.a(buf.c.obj)
                0x000000000000a1a0                net_buf_unref
 .text.nrf_gpio_pin_control_select.constprop.0
                0x000000000000a1d8       0x1c zephyr/soc/soc/nrf5340/libsoc__nordic.a(soc.c.obj)
 .text.z_arm_on_enter_cpu_idle
                0x000000000000a1f4       0x64 zephyr/soc/soc/nrf5340/libsoc__nordic.a(soc.c.obj)
                0x000000000000a1f4                z_arm_on_enter_cpu_idle
 .text.soc_early_init_hook
                0x000000000000a258       0x34 zephyr/soc/soc/nrf5340/libsoc__nordic.a(soc.c.obj)
                0x000000000000a258                soc_early_init_hook
 .text.soc_late_init_hook
                0x000000000000a28c       0x58 zephyr/soc/soc/nrf5340/libsoc__nordic.a(soc.c.obj)
                0x000000000000a28c                soc_late_init_hook
 .text.arch_busy_wait
                0x000000000000a2e4       0x24 zephyr/soc/soc/nrf5340/libsoc__nordic.a(soc.c.obj)
                0x000000000000a2e4                arch_busy_wait
 .text.onoff_start
                0x000000000000a308       0x6c zephyr/soc/soc/nrf5340/libsoc__nordic.a(nrf53_cpunet_mgmt.c.obj)
 .text.nrf53_cpunet_mgmt_init
                0x000000000000a374       0x10 zephyr/soc/soc/nrf5340/libsoc__nordic.a(nrf53_cpunet_mgmt.c.obj)
                0x000000000000a374                nrf53_cpunet_mgmt_init
 .text.nrf53_cpunet_enable
                0x000000000000a384       0x34 zephyr/soc/soc/nrf5340/libsoc__nordic.a(nrf53_cpunet_mgmt.c.obj)
                0x000000000000a384                nrf53_cpunet_enable
 .text.xoshiro128_initialize
                0x000000000000a3b8       0x18 zephyr/subsys/random/libsubsys__random.a(random_xoshiro128.c.obj)
 .text.bt_hex   0x000000000000a3d0       0x44 zephyr/subsys/bluetooth/common/libsubsys__bluetooth__common.a(bt_str.c.obj)
                0x000000000000a3d0                bt_hex
 .text.bt_addr_le_str
                0x000000000000a414       0x7c zephyr/subsys/bluetooth/common/libsubsys__bluetooth__common.a(bt_str.c.obj)
                0x000000000000a414                bt_addr_le_str
 .text.long_wq_init
                0x000000000000a490       0x38 zephyr/subsys/bluetooth/host/libsubsys__bluetooth__host.a(long_wq.c.obj)
 .text.bt_long_wq_schedule
                0x000000000000a4c8        0xc zephyr/subsys/bluetooth/host/libsubsys__bluetooth__host.a(long_wq.c.obj)
                0x000000000000a4c8                bt_long_wq_schedule
 .text.uuid_to_uuid128
                0x000000000000a4d4       0x78 zephyr/subsys/bluetooth/host/libsubsys__bluetooth__host.a(uuid.c.obj)
 .text.buf_rx_freed_notify
                0x000000000000a54c       0x20 zephyr/subsys/bluetooth/host/libsubsys__bluetooth__host.a(buf.c.obj)
 .text.bt_buf_get_rx
                0x000000000000a56c       0x50 zephyr/subsys/bluetooth/host/libsubsys__bluetooth__host.a(buf.c.obj)
                0x000000000000a56c                bt_buf_get_rx
 .text.bt_buf_get_evt
                0x000000000000a5bc       0x3c zephyr/subsys/bluetooth/host/libsubsys__bluetooth__host.a(buf.c.obj)
                0x000000000000a5bc                bt_buf_get_evt
 .text.hci_data_buf_overflow
                0x000000000000a5f8       0x24 zephyr/subsys/bluetooth/host/libsubsys__bluetooth__host.a(hci_core.c.obj)
 .text.hci_disconn_complete_prio
                0x000000000000a61c       0x4c zephyr/subsys/bluetooth/host/libsubsys__bluetooth__host.a(hci_core.c.obj)
 .text.hci_disconn_complete
                0x000000000000a668       0x48 zephyr/subsys/bluetooth/host/libsubsys__bluetooth__host.a(hci_core.c.obj)
 .text.le_phy_update_complete
                0x000000000000a6b0       0x3c zephyr/subsys/bluetooth/host/libsubsys__bluetooth__host.a(hci_core.c.obj)
 .text.hci_hardware_error
                0x000000000000a6ec       0x2c zephyr/subsys/bluetooth/host/libsubsys__bluetooth__host.a(hci_core.c.obj)
 .text.rx_queue_put
                0x000000000000a718       0x40 zephyr/subsys/bluetooth/host/libsubsys__bluetooth__host.a(hci_core.c.obj)
 .text.find_pending_connect.part.0
                0x000000000000a758       0x2c zephyr/subsys/bluetooth/host/libsubsys__bluetooth__host.a(hci_core.c.obj)
 .text.le_conn_param_neg_reply.part.0
                0x000000000000a784       0x1c zephyr/subsys/bluetooth/host/libsubsys__bluetooth__host.a(hci_core.c.obj)
 .text.enh_conn_complete_error_handle.part.0
                0x000000000000a7a0       0x3c zephyr/subsys/bluetooth/host/libsubsys__bluetooth__host.a(hci_core.c.obj)
 .text.handle_event.part.0
                0x000000000000a7dc       0x48 zephyr/subsys/bluetooth/host/libsubsys__bluetooth__host.a(hci_core.c.obj)
 .text.le_remote_feat_complete
                0x000000000000a824       0x5c zephyr/subsys/bluetooth/host/libsubsys__bluetooth__host.a(hci_core.c.obj)
 .text.enh_conn_complete_error_handle
                0x000000000000a880       0x64 zephyr/subsys/bluetooth/host/libsubsys__bluetooth__host.a(hci_core.c.obj)
 .text.hci_cmd_done.part.0
                0x000000000000a8e4      0x138 zephyr/subsys/bluetooth/host/libsubsys__bluetooth__host.a(hci_core.c.obj)
 .text.handle_event_common
                0x000000000000aa1c       0x54 zephyr/subsys/bluetooth/host/libsubsys__bluetooth__host.a(hci_core.c.obj)
 .text.handle_event
                0x000000000000aa70       0x2c zephyr/subsys/bluetooth/host/libsubsys__bluetooth__host.a(hci_core.c.obj)
 .text.rx_work_handler
                0x000000000000aa9c      0x16c zephyr/subsys/bluetooth/host/libsubsys__bluetooth__host.a(hci_core.c.obj)
 .text.hci_le_meta_event
                0x000000000000ac08       0x20 zephyr/subsys/bluetooth/host/libsubsys__bluetooth__host.a(hci_core.c.obj)
 .text.hci_vendor_event
                0x000000000000ac28       0x78 zephyr/subsys/bluetooth/host/libsubsys__bluetooth__host.a(hci_core.c.obj)
 .text.hci_num_completed_packets
                0x000000000000aca0      0x10c zephyr/subsys/bluetooth/host/libsubsys__bluetooth__host.a(hci_core.c.obj)
 .text.le_conn_update_complete
                0x000000000000adac      0x140 zephyr/subsys/bluetooth/host/libsubsys__bluetooth__host.a(hci_core.c.obj)
 .text.hci_reset_complete
                0x000000000000aeec       0x1c zephyr/subsys/bluetooth/host/libsubsys__bluetooth__host.a(hci_core.c.obj)
 .text.bt_hci_cmd_state_set_init
                0x000000000000af08       0x24 zephyr/subsys/bluetooth/host/libsubsys__bluetooth__host.a(hci_core.c.obj)
                0x000000000000af08                bt_hci_cmd_state_set_init
 .text.bt_hci_cmd_alloc
                0x000000000000af2c       0x50 zephyr/subsys/bluetooth/host/libsubsys__bluetooth__host.a(hci_core.c.obj)
                0x000000000000af2c                bt_hci_cmd_alloc
 .text.bt_hci_get_ver_str
                0x000000000000af7c       0x3c zephyr/subsys/bluetooth/host/libsubsys__bluetooth__host.a(hci_core.c.obj)
                0x000000000000af7c                bt_hci_get_ver_str
 .text.bt_send  0x000000000000afb8       0x14 zephyr/subsys/bluetooth/host/libsubsys__bluetooth__host.a(hci_core.c.obj)
                0x000000000000afb8                bt_send
 .text.hci_event_prio
                0x000000000000afcc       0xac zephyr/subsys/bluetooth/host/libsubsys__bluetooth__host.a(hci_core.c.obj)
                0x000000000000afcc                hci_event_prio
 .text.bt_hci_recv
                0x000000000000b078       0x60 zephyr/subsys/bluetooth/host/libsubsys__bluetooth__host.a(hci_core.c.obj)
                0x000000000000b078                bt_hci_recv
 .text.bt_finalize_init
                0x000000000000b0d8      0x19c zephyr/subsys/bluetooth/host/libsubsys__bluetooth__host.a(hci_core.c.obj)
                0x000000000000b0d8                bt_finalize_init
 .text.bt_get_name
                0x000000000000b274        0x8 zephyr/subsys/bluetooth/host/libsubsys__bluetooth__host.a(hci_core.c.obj)
                0x000000000000b274                bt_get_name
 .text.bt_tx_irq_raise
                0x000000000000b27c        0xc zephyr/subsys/bluetooth/host/libsubsys__bluetooth__host.a(hci_core.c.obj)
                0x000000000000b27c                bt_tx_irq_raise
 .text.bt_hci_cmd_send
                0x000000000000b288       0xa0 zephyr/subsys/bluetooth/host/libsubsys__bluetooth__host.a(hci_core.c.obj)
                0x000000000000b288                bt_hci_cmd_send
 .text.bt_hci_host_num_completed_packets
                0x000000000000b328       0xf0 zephyr/subsys/bluetooth/host/libsubsys__bluetooth__host.a(hci_core.c.obj)
                0x000000000000b328                bt_hci_host_num_completed_packets
 .text.le_conn_param_req
                0x000000000000b418       0xc8 zephyr/subsys/bluetooth/host/libsubsys__bluetooth__host.a(hci_core.c.obj)
 .text.process_pending_cmd
                0x000000000000b4e0       0xe4 zephyr/subsys/bluetooth/host/libsubsys__bluetooth__host.a(hci_core.c.obj)
 .text.bt_hci_cmd_send_sync
                0x000000000000b5c4      0x1bc zephyr/subsys/bluetooth/host/libsubsys__bluetooth__host.a(hci_core.c.obj)
                0x000000000000b5c4                bt_hci_cmd_send_sync
 .text.bt_init  0x000000000000b780      0x558 zephyr/subsys/bluetooth/host/libsubsys__bluetooth__host.a(hci_core.c.obj)
 .text.init_work
                0x000000000000bcd8       0x18 zephyr/subsys/bluetooth/host/libsubsys__bluetooth__host.a(hci_core.c.obj)
 .text.bt_enable
                0x000000000000bcf0       0xdc zephyr/subsys/bluetooth/host/libsubsys__bluetooth__host.a(hci_core.c.obj)
                0x000000000000bcf0                bt_enable
 .text.bt_hci_le_rand
                0x000000000000bdcc       0x58 zephyr/subsys/bluetooth/host/libsubsys__bluetooth__host.a(hci_core.c.obj)
                0x000000000000bdcc                bt_hci_le_rand
 .text.bt_hci_le_enh_conn_complete
                0x000000000000be24      0x1b4 zephyr/subsys/bluetooth/host/libsubsys__bluetooth__host.a(hci_core.c.obj)
                0x000000000000be24                bt_hci_le_enh_conn_complete
 .text.le_legacy_conn_complete
                0x000000000000bfd8       0x7c zephyr/subsys/bluetooth/host/libsubsys__bluetooth__host.a(hci_core.c.obj)
 .text.hci_cmd_status
                0x000000000000c054       0x34 zephyr/subsys/bluetooth/host/libsubsys__bluetooth__host.a(hci_core.c.obj)
 .text.hci_cmd_complete
                0x000000000000c088       0x80 zephyr/subsys/bluetooth/host/libsubsys__bluetooth__host.a(hci_core.c.obj)
 .text.id_find  0x000000000000c108       0x30 zephyr/subsys/bluetooth/host/libsubsys__bluetooth__host.a(id.c.obj)
 .text.set_random_address
                0x000000000000c138       0x80 zephyr/subsys/bluetooth/host/libsubsys__bluetooth__host.a(id.c.obj)
 .text.id_create.constprop.0
                0x000000000000c1b8       0x74 zephyr/subsys/bluetooth/host/libsubsys__bluetooth__host.a(id.c.obj)
 .text.bt_id_create
                0x000000000000c22c       0x9c zephyr/subsys/bluetooth/host/libsubsys__bluetooth__host.a(id.c.obj)
                0x000000000000c22c                bt_id_create
 .text.bt_id_read_public_addr
                0x000000000000c2c8       0x98 zephyr/subsys/bluetooth/host/libsubsys__bluetooth__host.a(id.c.obj)
                0x000000000000c2c8                bt_id_read_public_addr
 .text.bt_setup_public_id_addr
                0x000000000000c360       0x20 zephyr/subsys/bluetooth/host/libsubsys__bluetooth__host.a(id.c.obj)
                0x000000000000c360                bt_setup_public_id_addr
 .text.bt_setup_random_id_addr
                0x000000000000c380       0xf0 zephyr/subsys/bluetooth/host/libsubsys__bluetooth__host.a(id.c.obj)
                0x000000000000c380                bt_setup_random_id_addr
 .text.bt_id_set_adv_own_addr
                0x000000000000c470       0xe4 zephyr/subsys/bluetooth/host/libsubsys__bluetooth__host.a(id.c.obj)
                0x000000000000c470                bt_id_set_adv_own_addr
 .text.bt_id_init
                0x000000000000c554       0x60 zephyr/subsys/bluetooth/host/libsubsys__bluetooth__host.a(id.c.obj)
                0x000000000000c554                bt_id_init
 .text.hci_set_ad
                0x000000000000c5b4       0xdc zephyr/subsys/bluetooth/host/libsubsys__bluetooth__host.a(adv.c.obj)
 .text.adv_is_directed
                0x000000000000c690       0x18 zephyr/subsys/bluetooth/host/libsubsys__bluetooth__host.a(adv.c.obj)
 .text.le_adv_start_add_conn
                0x000000000000c6a8       0x60 zephyr/subsys/bluetooth/host/libsubsys__bluetooth__host.a(adv.c.obj)
 .text.valid_adv_param
                0x000000000000c708       0x84 zephyr/subsys/bluetooth/host/libsubsys__bluetooth__host.a(adv.c.obj)
 .text.bt_le_adv_lookup_legacy
                0x000000000000c78c        0x8 zephyr/subsys/bluetooth/host/libsubsys__bluetooth__host.a(adv.c.obj)
                0x000000000000c78c                bt_le_adv_lookup_legacy
 .text.bt_le_adv_start_legacy
                0x000000000000c794      0x280 zephyr/subsys/bluetooth/host/libsubsys__bluetooth__host.a(adv.c.obj)
                0x000000000000c794                bt_le_adv_start_legacy
 .text.bt_le_adv_start
                0x000000000000ca14       0x64 zephyr/subsys/bluetooth/host/libsubsys__bluetooth__host.a(adv.c.obj)
                0x000000000000ca14                bt_le_adv_start
 .text.bt_le_adv_stop
                0x000000000000ca78       0x78 zephyr/subsys/bluetooth/host/libsubsys__bluetooth__host.a(adv.c.obj)
                0x000000000000ca78                bt_le_adv_stop
 .text.adv_timeout
                0x000000000000caf0       0x2c zephyr/subsys/bluetooth/host/libsubsys__bluetooth__host.a(adv.c.obj)
 .text.bt_le_adv_resume
                0x000000000000cb1c       0xe4 zephyr/subsys/bluetooth/host/libsubsys__bluetooth__host.a(adv.c.obj)
                0x000000000000cb1c                bt_le_adv_resume
 .text.bt_crypto_init
                0x000000000000cc00       0x2c zephyr/subsys/bluetooth/host/libsubsys__bluetooth__host.a(crypto_psa.c.obj)
                0x000000000000cc00                bt_crypto_init
 .text.bt_rand  0x000000000000cc2c       0x2c zephyr/subsys/bluetooth/host/libsubsys__bluetooth__host.a(crypto_psa.c.obj)
                0x000000000000cc2c                bt_rand
 .text.notify_connected
                0x000000000000cc58       0x40 zephyr/subsys/bluetooth/host/libsubsys__bluetooth__host.a(conn.c.obj)
 .text.frag_destroy
                0x000000000000cc98       0x20 zephyr/subsys/bluetooth/host/libsubsys__bluetooth__host.a(conn.c.obj)
                0x000000000000cc98                frag_destroy
 .text.conn_tx_destroy
                0x000000000000ccb8       0x2c zephyr/subsys/bluetooth/host/libsubsys__bluetooth__host.a(conn.c.obj)
 .text.recycled_work_handler
                0x000000000000cce4       0x54 zephyr/subsys/bluetooth/host/libsubsys__bluetooth__host.a(conn.c.obj)
 .text.tx_notify_process
                0x000000000000cd38       0x60 zephyr/subsys/bluetooth/host/libsubsys__bluetooth__host.a(conn.c.obj)
 .text.perform_auto_initiated_procedures.part.0
                0x000000000000cd98       0x94 zephyr/subsys/bluetooth/host/libsubsys__bluetooth__host.a(conn.c.obj)
 .text.bt_conn_get_pkts
                0x000000000000ce2c       0x18 zephyr/subsys/bluetooth/host/libsubsys__bluetooth__host.a(conn.c.obj)
                0x000000000000ce2c                bt_conn_get_pkts
 .text.bt_conn_tx_notify
                0x000000000000ce44       0x40 zephyr/subsys/bluetooth/host/libsubsys__bluetooth__host.a(conn.c.obj)
                0x000000000000ce44                bt_conn_tx_notify
 .text.bt_conn_new
                0x000000000000ce84       0x5c zephyr/subsys/bluetooth/host/libsubsys__bluetooth__host.a(conn.c.obj)
                0x000000000000ce84                bt_conn_new
 .text.bt_conn_recv
                0x000000000000cee0      0x11c zephyr/subsys/bluetooth/host/libsubsys__bluetooth__host.a(conn.c.obj)
                0x000000000000cee0                bt_conn_recv
 .text.bt_conn_data_ready
                0x000000000000cffc       0x4c zephyr/subsys/bluetooth/host/libsubsys__bluetooth__host.a(conn.c.obj)
                0x000000000000cffc                bt_conn_data_ready
 .text.get_conn_ready
                0x000000000000d048       0xfc zephyr/subsys/bluetooth/host/libsubsys__bluetooth__host.a(conn.c.obj)
                0x000000000000d048                get_conn_ready
 .text.bt_conn_unref
                0x000000000000d144       0x4c zephyr/subsys/bluetooth/host/libsubsys__bluetooth__host.a(conn.c.obj)
                0x000000000000d144                bt_conn_unref
 .text.bt_conn_set_state
                0x000000000000d190      0x1e8 zephyr/subsys/bluetooth/host/libsubsys__bluetooth__host.a(conn.c.obj)
                0x000000000000d190                bt_conn_set_state
 .text.bt_conn_lookup_handle
                0x000000000000d378       0x48 zephyr/subsys/bluetooth/host/libsubsys__bluetooth__host.a(conn.c.obj)
                0x000000000000d378                bt_conn_lookup_handle
 .text.bt_conn_foreach
                0x000000000000d3c0       0x30 zephyr/subsys/bluetooth/host/libsubsys__bluetooth__host.a(conn.c.obj)
                0x000000000000d3c0                bt_conn_foreach
 .text.auto_initiated_procedures
                0x000000000000d3f0       0x10 zephyr/subsys/bluetooth/host/libsubsys__bluetooth__host.a(conn.c.obj)
 .text.bt_conn_index
                0x000000000000d400       0x18 zephyr/subsys/bluetooth/host/libsubsys__bluetooth__host.a(conn.c.obj)
                0x000000000000d400                bt_conn_index
 .text.bt_conn_create_pdu_timeout
                0x000000000000d418       0x84 zephyr/subsys/bluetooth/host/libsubsys__bluetooth__host.a(conn.c.obj)
                0x000000000000d418                bt_conn_create_pdu_timeout
 .text.bt_conn_connected
                0x000000000000d49c       0x20 zephyr/subsys/bluetooth/host/libsubsys__bluetooth__host.a(conn.c.obj)
                0x000000000000d49c                bt_conn_connected
 .text.bt_conn_tx_processor
                0x000000000000d4bc      0x274 zephyr/subsys/bluetooth/host/libsubsys__bluetooth__host.a(conn.c.obj)
                0x000000000000d4bc                bt_conn_tx_processor
 .text.notify_le_param_updated
                0x000000000000d730       0x8c zephyr/subsys/bluetooth/host/libsubsys__bluetooth__host.a(conn.c.obj)
                0x000000000000d730                notify_le_param_updated
 .text.le_param_req
                0x000000000000d7bc       0x78 zephyr/subsys/bluetooth/host/libsubsys__bluetooth__host.a(conn.c.obj)
                0x000000000000d7bc                le_param_req
 .text.bt_conn_add_le
                0x000000000000d834       0x54 zephyr/subsys/bluetooth/host/libsubsys__bluetooth__host.a(conn.c.obj)
                0x000000000000d834                bt_conn_add_le
 .text.bt_conn_lookup_addr_le
                0x000000000000d888       0x34 zephyr/subsys/bluetooth/host/libsubsys__bluetooth__host.a(conn.c.obj)
                0x000000000000d888                bt_conn_lookup_addr_le
 .text.bt_conn_exists_le
                0x000000000000d8bc       0x7c zephyr/subsys/bluetooth/host/libsubsys__bluetooth__host.a(conn.c.obj)
                0x000000000000d8bc                bt_conn_exists_le
 .text.bt_conn_lookup_state_le
                0x000000000000d938       0x44 zephyr/subsys/bluetooth/host/libsubsys__bluetooth__host.a(conn.c.obj)
                0x000000000000d938                bt_conn_lookup_state_le
 .text.send_conn_le_param_update
                0x000000000000d97c       0x68 zephyr/subsys/bluetooth/host/libsubsys__bluetooth__host.a(conn.c.obj)
 .text.deferred_work
                0x000000000000d9e4      0x110 zephyr/subsys/bluetooth/host/libsubsys__bluetooth__host.a(conn.c.obj)
 .text.bt_conn_lookup_index
                0x000000000000daf4       0x10 zephyr/subsys/bluetooth/host/libsubsys__bluetooth__host.a(conn.c.obj)
                0x000000000000daf4                bt_conn_lookup_index
 .text.bt_conn_init
                0x000000000000db04       0x44 zephyr/subsys/bluetooth/host/libsubsys__bluetooth__host.a(conn.c.obj)
                0x000000000000db04                bt_conn_init
 .text.l2cap_create_le_sig_pdu.part.0
                0x000000000000db48       0x20 zephyr/subsys/bluetooth/host/libsubsys__bluetooth__host.a(l2cap.c.obj)
 .text.l2cap_accept.part.0
                0x000000000000db68       0x3c zephyr/subsys/bluetooth/host/libsubsys__bluetooth__host.a(l2cap.c.obj)
 .text.l2cap_accept
                0x000000000000dba4       0x1c zephyr/subsys/bluetooth/host/libsubsys__bluetooth__host.a(l2cap.c.obj)
 .text.bt_l2cap_connected
                0x000000000000dbc0       0x98 zephyr/subsys/bluetooth/host/libsubsys__bluetooth__host.a(l2cap.c.obj)
                0x000000000000dbc0                bt_l2cap_connected
 .text.bt_l2cap_create_pdu_timeout
                0x000000000000dc58       0x3c zephyr/subsys/bluetooth/host/libsubsys__bluetooth__host.a(l2cap.c.obj)
                0x000000000000dc58                bt_l2cap_create_pdu_timeout
 .text.bt_l2cap_send_pdu
                0x000000000000dc94       0x64 zephyr/subsys/bluetooth/host/libsubsys__bluetooth__host.a(l2cap.c.obj)
                0x000000000000dc94                bt_l2cap_send_pdu
 .text.l2cap_data_pull
                0x000000000000dcf8      0x110 zephyr/subsys/bluetooth/host/libsubsys__bluetooth__host.a(l2cap.c.obj)
                0x000000000000dcf8                l2cap_data_pull
 .text.l2cap_recv.part.0
                0x000000000000de08       0xc0 zephyr/subsys/bluetooth/host/libsubsys__bluetooth__host.a(l2cap.c.obj)
 .text.l2cap_recv
                0x000000000000dec8       0x2c zephyr/subsys/bluetooth/host/libsubsys__bluetooth__host.a(l2cap.c.obj)
 .text.bt_l2cap_recv
                0x000000000000def4       0x68 zephyr/subsys/bluetooth/host/libsubsys__bluetooth__host.a(l2cap.c.obj)
                0x000000000000def4                bt_l2cap_recv
 .text.bt_l2cap_update_conn_param
                0x000000000000df5c       0x50 zephyr/subsys/bluetooth/host/libsubsys__bluetooth__host.a(l2cap.c.obj)
                0x000000000000df5c                bt_l2cap_update_conn_param
 .text.att_op_get_type
                0x000000000000dfac       0x74 zephyr/subsys/bluetooth/host/libsubsys__bluetooth__host.a(att.c.obj)
 .text.bt_att_released
                0x000000000000e020        0xc zephyr/subsys/bluetooth/host/libsubsys__bluetooth__host.a(att.c.obj)
 .text.bt_att_connected
                0x000000000000e02c       0x38 zephyr/subsys/bluetooth/host/libsubsys__bluetooth__host.a(att.c.obj)
 .text.bt_addr_le_to_str.constprop.0.isra.0
                0x000000000000e064       0x78 zephyr/subsys/bluetooth/host/libsubsys__bluetooth__host.a(att.c.obj)
 .text.read_group_cb
                0x000000000000e0dc       0xb8 zephyr/subsys/bluetooth/host/libsubsys__bluetooth__host.a(att.c.obj)
 .text.bt_att_accept
                0x000000000000e194      0x124 zephyr/subsys/bluetooth/host/libsubsys__bluetooth__host.a(att.c.obj)
 .text.read_type_cb
                0x000000000000e2b8       0xac zephyr/subsys/bluetooth/host/libsubsys__bluetooth__host.a(att.c.obj)
 .text.find_type_cb
                0x000000000000e364      0x178 zephyr/subsys/bluetooth/host/libsubsys__bluetooth__host.a(att.c.obj)
 .text.bt_att_chan_create_pdu
                0x000000000000e4dc       0xc0 zephyr/subsys/bluetooth/host/libsubsys__bluetooth__host.a(att.c.obj)
 .text.chan_send
                0x000000000000e59c       0xf0 zephyr/subsys/bluetooth/host/libsubsys__bluetooth__host.a(att.c.obj)
 .text.att_tx_destroy
                0x000000000000e68c      0x118 zephyr/subsys/bluetooth/host/libsubsys__bluetooth__host.a(att.c.obj)
 .text.bt_att_recv
                0x000000000000e7a4       0xe0 zephyr/subsys/bluetooth/host/libsubsys__bluetooth__host.a(att.c.obj)
 .text.att_write_rsp.constprop.0
                0x000000000000e884       0xc0 zephyr/subsys/bluetooth/host/libsubsys__bluetooth__host.a(att.c.obj)
 .text.att_get  0x000000000000e944       0x64 zephyr/subsys/bluetooth/host/libsubsys__bluetooth__host.a(att.c.obj)
 .text.bt_att_create_pdu
                0x000000000000e9a8       0x64 zephyr/subsys/bluetooth/host/libsubsys__bluetooth__host.a(att.c.obj)
                0x000000000000e9a8                bt_att_create_pdu
 .text.bt_att_create_rsp_pdu
                0x000000000000ea0c       0x64 zephyr/subsys/bluetooth/host/libsubsys__bluetooth__host.a(att.c.obj)
                0x000000000000ea0c                bt_att_create_rsp_pdu
 .text.att_read_group_req
                0x000000000000ea70       0xf0 zephyr/subsys/bluetooth/host/libsubsys__bluetooth__host.a(att.c.obj)
 .text.att_read_mult_vl_req
                0x000000000000eb60       0x9c zephyr/subsys/bluetooth/host/libsubsys__bluetooth__host.a(att.c.obj)
 .text.att_read_mult_req
                0x000000000000ebfc       0x9c zephyr/subsys/bluetooth/host/libsubsys__bluetooth__host.a(att.c.obj)
 .text.att_read_rsp
                0x000000000000ec98       0x90 zephyr/subsys/bluetooth/host/libsubsys__bluetooth__host.a(att.c.obj)
 .text.att_read_type_req
                0x000000000000ed28      0x114 zephyr/subsys/bluetooth/host/libsubsys__bluetooth__host.a(att.c.obj)
 .text.att_find_type_req
                0x000000000000ee3c       0xc0 zephyr/subsys/bluetooth/host/libsubsys__bluetooth__host.a(att.c.obj)
 .text.att_find_info_req
                0x000000000000eefc       0x6c zephyr/subsys/bluetooth/host/libsubsys__bluetooth__host.a(att.c.obj)
 .text.bt_att_req_alloc
                0x000000000000ef68       0x58 zephyr/subsys/bluetooth/host/libsubsys__bluetooth__host.a(att.c.obj)
                0x000000000000ef68                bt_att_req_alloc
 .text.bt_att_req_free
                0x000000000000efc0       0x20 zephyr/subsys/bluetooth/host/libsubsys__bluetooth__host.a(att.c.obj)
                0x000000000000efc0                bt_att_req_free
 .text.att_handle_rsp
                0x000000000000efe0       0x8c zephyr/subsys/bluetooth/host/libsubsys__bluetooth__host.a(att.c.obj)
 .text.bt_att_disconnected
                0x000000000000f06c       0xc0 zephyr/subsys/bluetooth/host/libsubsys__bluetooth__host.a(att.c.obj)
 .text.att_disconnect
                0x000000000000f12c       0x48 zephyr/subsys/bluetooth/host/libsubsys__bluetooth__host.a(att.c.obj)
 .text.att_timeout
                0x000000000000f174       0x60 zephyr/subsys/bluetooth/host/libsubsys__bluetooth__host.a(att.c.obj)
 .text.bt_att_set_tx_meta_data
                0x000000000000f1d4       0x24 zephyr/subsys/bluetooth/host/libsubsys__bluetooth__host.a(att.c.obj)
                0x000000000000f1d4                bt_att_set_tx_meta_data
 .text.db_hash_update
                0x000000000000f1f8       0x2c zephyr/subsys/bluetooth/host/libsubsys__bluetooth__host.a(gatt.c.obj)
 .text.find_cf_cfg
                0x000000000000f224       0x30 zephyr/subsys/bluetooth/host/libsubsys__bluetooth__host.a(gatt.c.obj)
 .text.find_sc_cfg
                0x000000000000f254       0x24 zephyr/subsys/bluetooth/host/libsubsys__bluetooth__host.a(gatt.c.obj)
 .text.find_ccc_cfg
                0x000000000000f278       0x28 zephyr/subsys/bluetooth/host/libsubsys__bluetooth__host.a(gatt.c.obj)
 .text.bt_gatt_attr_write_ccc
                0x000000000000f2a0       0xc4 zephyr/subsys/bluetooth/host/libsubsys__bluetooth__host.a(gatt.c.obj)
                0x000000000000f2a0                bt_gatt_attr_write_ccc
 .text.clear_cf_cfg
                0x000000000000f364       0x28 zephyr/subsys/bluetooth/host/libsubsys__bluetooth__host.a(gatt.c.obj)
 .text.sc_save  0x000000000000f38c       0x64 zephyr/subsys/bluetooth/host/libsubsys__bluetooth__host.a(gatt.c.obj)
 .text.bt_gatt_attr_read.part.0
                0x000000000000f3f0       0x24 zephyr/subsys/bluetooth/host/libsubsys__bluetooth__host.a(gatt.c.obj)
 .text.read_ppcp
                0x000000000000f414       0x28 zephyr/subsys/bluetooth/host/libsubsys__bluetooth__host.a(gatt.c.obj)
 .text.disconnected_cb
                0x000000000000f43c       0xa0 zephyr/subsys/bluetooth/host/libsubsys__bluetooth__host.a(gatt.c.obj)
 .text.cf_write
                0x000000000000f4dc       0xa0 zephyr/subsys/bluetooth/host/libsubsys__bluetooth__host.a(gatt.c.obj)
 .text.sc_indicate_rsp
                0x000000000000f57c       0x4c zephyr/subsys/bluetooth/host/libsubsys__bluetooth__host.a(gatt.c.obj)
 .text.bt_gatt_init
                0x000000000000f5c8       0x78 zephyr/subsys/bluetooth/host/libsubsys__bluetooth__host.a(gatt.c.obj)
                0x000000000000f5c8                bt_gatt_init
 .text.bt_gatt_attr_get_handle
                0x000000000000f640       0x60 zephyr/subsys/bluetooth/host/libsubsys__bluetooth__host.a(gatt.c.obj)
                0x000000000000f640                bt_gatt_attr_get_handle
 .text.bt_gatt_foreach_attr_type
                0x000000000000f6a0       0xb4 zephyr/subsys/bluetooth/host/libsubsys__bluetooth__host.a(gatt.c.obj)
                0x000000000000f6a0                bt_gatt_foreach_attr_type
 .text.db_hash_gen
                0x000000000000f754       0xf0 zephyr/subsys/bluetooth/host/libsubsys__bluetooth__host.a(gatt.c.obj)
 .text.db_hash_read
                0x000000000000f844       0x64 zephyr/subsys/bluetooth/host/libsubsys__bluetooth__host.a(gatt.c.obj)
 .text.db_hash_process
                0x000000000000f8a8       0x14 zephyr/subsys/bluetooth/host/libsubsys__bluetooth__host.a(gatt.c.obj)
 .text.bt_gatt_attr_next
                0x000000000000f8bc       0x24 zephyr/subsys/bluetooth/host/libsubsys__bluetooth__host.a(gatt.c.obj)
                0x000000000000f8bc                bt_gatt_attr_next
 .text.bt_gatt_is_subscribed
                0x000000000000f8e0      0x190 zephyr/subsys/bluetooth/host/libsubsys__bluetooth__host.a(gatt.c.obj)
                0x000000000000f8e0                bt_gatt_is_subscribed
 .text.gatt_indicate
                0x000000000000fa70       0xe4 zephyr/subsys/bluetooth/host/libsubsys__bluetooth__host.a(gatt.c.obj)
 .text.bt_gatt_indicate
                0x000000000000fb54       0xf0 zephyr/subsys/bluetooth/host/libsubsys__bluetooth__host.a(gatt.c.obj)
                0x000000000000fb54                bt_gatt_indicate
 .text.sc_process
                0x000000000000fc44       0x60 zephyr/subsys/bluetooth/host/libsubsys__bluetooth__host.a(gatt.c.obj)
 .text.update_ccc
                0x000000000000fca4      0x104 zephyr/subsys/bluetooth/host/libsubsys__bluetooth__host.a(gatt.c.obj)
 .text.gatt_notify
                0x000000000000fda8       0xb0 zephyr/subsys/bluetooth/host/libsubsys__bluetooth__host.a(gatt.c.obj)
 .text.bt_gatt_notify_cb
                0x000000000000fe58       0xe8 zephyr/subsys/bluetooth/host/libsubsys__bluetooth__host.a(gatt.c.obj)
                0x000000000000fe58                bt_gatt_notify_cb
 .text.notify_cb
                0x000000000000ff40      0x118 zephyr/subsys/bluetooth/host/libsubsys__bluetooth__host.a(gatt.c.obj)
 .text.bt_gatt_connected
                0x0000000000010058       0x20 zephyr/subsys/bluetooth/host/libsubsys__bluetooth__host.a(gatt.c.obj)
                0x0000000000010058                bt_gatt_connected
 .text.bt_gatt_att_max_mtu_changed
                0x0000000000010078       0x28 zephyr/subsys/bluetooth/host/libsubsys__bluetooth__host.a(gatt.c.obj)
                0x0000000000010078                bt_gatt_att_max_mtu_changed
 .text.bt_gatt_disconnected
                0x00000000000100a0       0x48 zephyr/subsys/bluetooth/host/libsubsys__bluetooth__host.a(gatt.c.obj)
                0x00000000000100a0                bt_gatt_disconnected
 .text.bt_smp_accept.part.0
                0x00000000000100e8       0x3c zephyr/subsys/bluetooth/host/libsubsys__bluetooth__host.a(smp_null.c.obj)
 .text.bt_smp_accept
                0x0000000000010124       0x1c zephyr/subsys/bluetooth/host/libsubsys__bluetooth__host.a(smp_null.c.obj)
 .text.bt_ipc_send
                0x0000000000010140       0x50 zephyr/drivers/bluetooth/libdrivers__bluetooth.a(ipc.c.obj)
 .text.hci_ept_recv
                0x0000000000010190      0x278 zephyr/drivers/bluetooth/libdrivers__bluetooth.a(ipc.c.obj)
 .text.bt_ipc_open
                0x0000000000010408       0x98 zephyr/drivers/bluetooth/libdrivers__bluetooth.a(ipc.c.obj)
 .text.bt_ipc_close
                0x00000000000104a0       0x64 zephyr/drivers/bluetooth/libdrivers__bluetooth.a(ipc.c.obj)
 .text.bt_hci_transport_setup
                0x0000000000010504       0x18 zephyr/drivers/bluetooth/libdrivers__bluetooth.a(nrf53_support.c.obj)
                0x0000000000010504                bt_hci_transport_setup
 .text.onoff_stop
                0x000000000001051c       0x30 zephyr/drivers/clock_control/libdrivers__clock_control.a(clock_control_nrf.c.obj)
 .text.onoff_start
                0x000000000001054c       0x44 zephyr/drivers/clock_control/libdrivers__clock_control.a(clock_control_nrf.c.obj)
 .text.generic_hfclk_stop
                0x0000000000010590       0x34 zephyr/drivers/clock_control/libdrivers__clock_control.a(clock_control_nrf.c.obj)
 .text.clk_init
                0x00000000000105c4       0x64 zephyr/drivers/clock_control/libdrivers__clock_control.a(clock_control_nrf.c.obj)
 .text.api_blocking_start
                0x0000000000010628       0x3c zephyr/drivers/clock_control/libdrivers__clock_control.a(clock_control_nrf.c.obj)
 .text.clkstarted_handle.constprop.0
                0x0000000000010664       0x4c zephyr/drivers/clock_control/libdrivers__clock_control.a(clock_control_nrf.c.obj)
 .text.generic_hfclk_start
                0x00000000000106b0       0x7c zephyr/drivers/clock_control/libdrivers__clock_control.a(clock_control_nrf.c.obj)
 .text.clock_event_handler
                0x000000000001072c       0x34 zephyr/drivers/clock_control/libdrivers__clock_control.a(clock_control_nrf.c.obj)
 .text.z_nrf_clock_control_lf_on
                0x0000000000010760       0xf8 zephyr/drivers/clock_control/libdrivers__clock_control.a(clock_control_nrf.c.obj)
                0x0000000000010760                z_nrf_clock_control_lf_on
 .text.rtt_console_init
                0x0000000000010858       0x18 zephyr/drivers/console/libdrivers__console.a(rtt_console.c.obj)
 .text.rtt_console_out
                0x0000000000010870       0x48 zephyr/drivers/console/libdrivers__console.a(rtt_console.c.obj)
 .text.gpio_nrfx_pin_interrupt_configure
                0x00000000000108b8      0x120 zephyr/drivers/gpio/libdrivers__gpio.a(gpio_nrfx.c.obj)
 .text.nrfx_gpio_handler
                0x00000000000109d8       0x4c zephyr/drivers/gpio/libdrivers__gpio.a(gpio_nrfx.c.obj)
 .text.gpio_nrfx_init
                0x0000000000010a24       0x54 zephyr/drivers/gpio/libdrivers__gpio.a(gpio_nrfx.c.obj)
 .text.gpio_nrfx_pin_configure
                0x0000000000010a78      0x18c zephyr/drivers/gpio/libdrivers__gpio.a(gpio_nrfx.c.obj)
 .text.event_handler
                0x0000000000010c04       0x38 zephyr/drivers/i2c/libdrivers__i2c.a(i2c_nrfx_twim.c.obj)
 .text.i2c_nrfx_twim_transfer
                0x0000000000010c3c      0x194 zephyr/drivers/i2c/libdrivers__i2c.a(i2c_nrfx_twim.c.obj)
 .text.i2c_nrfx_twim_recover_bus
                0x0000000000010dd0       0x40 zephyr/drivers/i2c/libdrivers__i2c.a(i2c_nrfx_twim_common.c.obj)
                0x0000000000010dd0                i2c_nrfx_twim_recover_bus
 .text.i2c_nrfx_twim_configure
                0x0000000000010e10       0x54 zephyr/drivers/i2c/libdrivers__i2c.a(i2c_nrfx_twim_common.c.obj)
                0x0000000000010e10                i2c_nrfx_twim_configure
 .text.i2c_nrfx_twim_msg_transfer
                0x0000000000010e64       0x88 zephyr/drivers/i2c/libdrivers__i2c.a(i2c_nrfx_twim_common.c.obj)
                0x0000000000010e64                i2c_nrfx_twim_msg_transfer
 .text.i2c_nrfx_twim_common_init
                0x0000000000010eec       0x78 zephyr/drivers/i2c/libdrivers__i2c.a(i2c_nrfx_twim_common.c.obj)
                0x0000000000010eec                i2c_nrfx_twim_common_init
 .text.mbox_nrf_init
                0x0000000000010f64       0xac zephyr/drivers/mbox/libdrivers__mbox.a(mbox_nrfx_ipc.c.obj)
 .text.mbox_nrf_set_enabled
                0x0000000000011010       0x9c zephyr/drivers/mbox/libdrivers__mbox.a(mbox_nrfx_ipc.c.obj)
 .text.mbox_nrf_send
                0x00000000000110ac       0x4c zephyr/drivers/mbox/libdrivers__mbox.a(mbox_nrfx_ipc.c.obj)
 .text.mbox_dispatcher
                0x00000000000110f8       0x70 zephyr/drivers/mbox/libdrivers__mbox.a(mbox_nrfx_ipc.c.obj)
 .text.pinctrl_configure_pins
                0x0000000000011168      0x128 zephyr/drivers/pinctrl/libdrivers__pinctrl.a(pinctrl_nrf.c.obj)
                0x0000000000011168                pinctrl_configure_pins
 .text.spi_nrfx_init
                0x0000000000011290      0x124 zephyr/drivers/spi/libdrivers__spi.a(spi_nrfx_spim.c.obj)
 .text.transfer_next_chunk
                0x00000000000113b4       0xd0 zephyr/drivers/spi/libdrivers__spi.a(spi_nrfx_spim.c.obj)
 .text.event_handler
                0x0000000000011484       0xe0 zephyr/drivers/spi/libdrivers__spi.a(spi_nrfx_spim.c.obj)
 .text.spi_nrfx_transceive
                0x0000000000011564      0x42c zephyr/drivers/spi/libdrivers__spi.a(spi_nrfx_spim.c.obj)
 .text.nrf_gpio_cfg_input
                0x0000000000011990       0x40 zephyr/drivers/spi/libdrivers__spi.a(spi_nrfx_common.c.obj)
 .text.spi_nrfx_wake_init
                0x00000000000119d0       0x60 zephyr/drivers/spi/libdrivers__spi.a(spi_nrfx_common.c.obj)
                0x00000000000119d0                spi_nrfx_wake_init
 .text.compare_int_lock
                0x0000000000011a30       0x40 zephyr/drivers/timer/libdrivers__timer.a(nrf_rtc_timer.c.obj)
 .text.sys_clock_timeout_handler
                0x0000000000011a70       0x48 zephyr/drivers/timer/libdrivers__timer.a(nrf_rtc_timer.c.obj)
 .text.compare_int_unlock
                0x0000000000011ab8       0x4c zephyr/drivers/timer/libdrivers__timer.a(nrf_rtc_timer.c.obj)
 .text.z_nrf_rtc_timer_read
                0x0000000000011b04       0x44 zephyr/drivers/timer/libdrivers__timer.a(nrf_rtc_timer.c.obj)
                0x0000000000011b04                z_nrf_rtc_timer_read
 .text.compare_set
                0x0000000000011b48      0x124 zephyr/drivers/timer/libdrivers__timer.a(nrf_rtc_timer.c.obj)
 .text.sys_clock_driver_init
                0x0000000000011c6c       0x90 zephyr/drivers/timer/libdrivers__timer.a(nrf_rtc_timer.c.obj)
 .text.rtc_nrf_isr
                0x0000000000011cfc       0xd0 zephyr/drivers/timer/libdrivers__timer.a(nrf_rtc_timer.c.obj)
                0x0000000000011cfc                rtc_nrf_isr
 .text.sys_clock_set_timeout
                0x0000000000011dcc       0x5c zephyr/drivers/timer/libdrivers__timer.a(nrf_rtc_timer.c.obj)
                0x0000000000011dcc                sys_clock_set_timeout
 .text.sys_clock_elapsed
                0x0000000000011e28       0x14 zephyr/drivers/timer/libdrivers__timer.a(nrf_rtc_timer.c.obj)
                0x0000000000011e28                sys_clock_elapsed
 .text._heap_init
                0x0000000000011e3c       0x10 modules/nrf/subsys/nrf_security/src/zephyr/libmbedtls_zephyr.a(mbedtls_heap.c.obj)
                0x0000000000011e3c                _heap_init
 .text.nrf53_errata_42
                0x0000000000011e4c       0x24 modules/hal_nordic/modules/hal_nordic/nrfx/libmodules__hal_nordic__nrfx.a(system_nrf5340_application.c.obj)
 .text.SystemInit
                0x0000000000011e70      0x1d8 modules/hal_nordic/modules/hal_nordic/nrfx/libmodules__hal_nordic__nrfx.a(system_nrf5340_application.c.obj)
                0x0000000000011e70                SystemInit
 .text.nrfx_flag32_alloc
                0x0000000000012048       0x40 modules/hal_nordic/modules/hal_nordic/nrfx/libmodules__hal_nordic__nrfx.a(nrfx_flag32_allocator.c.obj)
                0x0000000000012048                nrfx_flag32_alloc
 .text.nrfx_flag32_free
                0x0000000000012088       0x38 modules/hal_nordic/modules/hal_nordic/nrfx/libmodules__hal_nordic__nrfx.a(nrfx_flag32_allocator.c.obj)
                0x0000000000012088                nrfx_flag32_free
 .text.nrfx_gppi_channels_enable
                0x00000000000120c0        0xc modules/hal_nordic/modules/hal_nordic/nrfx/libmodules__hal_nordic__nrfx.a(nrfx_gppi_dppi.c.obj)
                0x00000000000120c0                nrfx_gppi_channels_enable
 .text.nrfx_gppi_channel_alloc
                0x00000000000120cc        0xc modules/hal_nordic/modules/hal_nordic/nrfx/libmodules__hal_nordic__nrfx.a(nrfx_gppi_dppi.c.obj)
                0x00000000000120cc                nrfx_gppi_channel_alloc
 .text.clock_stop
                0x00000000000120d8       0xf4 modules/hal_nordic/modules/hal_nordic/nrfx/libmodules__hal_nordic__nrfx.a(nrfx_clock.c.obj)
 .text.nrfx_clock_init
                0x00000000000121cc       0x20 modules/hal_nordic/modules/hal_nordic/nrfx/libmodules__hal_nordic__nrfx.a(nrfx_clock.c.obj)
                0x00000000000121cc                nrfx_clock_init
 .text.nrfx_clock_enable
                0x00000000000121ec       0x30 modules/hal_nordic/modules/hal_nordic/nrfx/libmodules__hal_nordic__nrfx.a(nrfx_clock.c.obj)
                0x00000000000121ec                nrfx_clock_enable
 .text.nrfx_clock_start
                0x000000000001221c       0xd0 modules/hal_nordic/modules/hal_nordic/nrfx/libmodules__hal_nordic__nrfx.a(nrfx_clock.c.obj)
                0x000000000001221c                nrfx_clock_start
 .text.nrfx_power_clock_irq_handler
                0x00000000000122ec       0x70 modules/hal_nordic/modules/hal_nordic/nrfx/libmodules__hal_nordic__nrfx.a(nrfx_clock.c.obj)
                0x00000000000122ec                nrfx_power_clock_irq_handler
 .text.nrfx_dppi_channel_alloc
                0x000000000001235c       0x10 modules/hal_nordic/modules/hal_nordic/nrfx/libmodules__hal_nordic__nrfx.a(nrfx_dppi.c.obj)
                0x000000000001235c                nrfx_dppi_channel_alloc
 .text.nrf_gpio_pin_port_decode
                0x000000000001236c       0x24 modules/hal_nordic/modules/hal_nordic/nrfx/libmodules__hal_nordic__nrfx.a(nrfx_gpiote.c.obj)
 .text.get_pin_idx
                0x0000000000012390       0x14 modules/hal_nordic/modules/hal_nordic/nrfx/libmodules__hal_nordic__nrfx.a(nrfx_gpiote.c.obj)
 .text.release_handler
                0x00000000000123a4       0x74 modules/hal_nordic/modules/hal_nordic/nrfx/libmodules__hal_nordic__nrfx.a(nrfx_gpiote.c.obj)
 .text.latch_pending_read_and_check
                0x0000000000012418       0x3c modules/hal_nordic/modules/hal_nordic/nrfx/libmodules__hal_nordic__nrfx.a(nrfx_gpiote.c.obj)
 .text.pin_te_get.isra.0
                0x0000000000012454       0x20 modules/hal_nordic/modules/hal_nordic/nrfx/libmodules__hal_nordic__nrfx.a(nrfx_gpiote.c.obj)
 .text.pin_is_output.isra.0
                0x0000000000012474       0x24 modules/hal_nordic/modules/hal_nordic/nrfx/libmodules__hal_nordic__nrfx.a(nrfx_gpiote.c.obj)
 .text.pin_in_use_by_te.isra.0
                0x0000000000012498       0x24 modules/hal_nordic/modules/hal_nordic/nrfx/libmodules__hal_nordic__nrfx.a(nrfx_gpiote.c.obj)
 .text.irq_handler
                0x00000000000124bc      0x1d4 modules/hal_nordic/modules/hal_nordic/nrfx/libmodules__hal_nordic__nrfx.a(nrfx_gpiote.c.obj)
 .text.pin_uninit
                0x0000000000012690       0xa4 modules/hal_nordic/modules/hal_nordic/nrfx/libmodules__hal_nordic__nrfx.a(nrfx_gpiote.c.obj)
 .text.nrfx_gpiote_input_configure
                0x0000000000012734      0x1d8 modules/hal_nordic/modules/hal_nordic/nrfx/libmodules__hal_nordic__nrfx.a(nrfx_gpiote.c.obj)
                0x0000000000012734                nrfx_gpiote_input_configure
 .text.nrfx_gpiote_output_configure
                0x000000000001290c      0x138 modules/hal_nordic/modules/hal_nordic/nrfx/libmodules__hal_nordic__nrfx.a(nrfx_gpiote.c.obj)
                0x000000000001290c                nrfx_gpiote_output_configure
 .text.nrfx_gpiote_global_callback_set
                0x0000000000012a44       0x1c modules/hal_nordic/modules/hal_nordic/nrfx/libmodules__hal_nordic__nrfx.a(nrfx_gpiote.c.obj)
                0x0000000000012a44                nrfx_gpiote_global_callback_set
 .text.nrfx_gpiote_channel_get
                0x0000000000012a60       0x3c modules/hal_nordic/modules/hal_nordic/nrfx/libmodules__hal_nordic__nrfx.a(nrfx_gpiote.c.obj)
                0x0000000000012a60                nrfx_gpiote_channel_get
 .text.nrfx_gpiote_init
                0x0000000000012a9c       0x7c modules/hal_nordic/modules/hal_nordic/nrfx/libmodules__hal_nordic__nrfx.a(nrfx_gpiote.c.obj)
                0x0000000000012a9c                nrfx_gpiote_init
 .text.nrfx_gpiote_init_check
                0x0000000000012b18       0x1c modules/hal_nordic/modules/hal_nordic/nrfx/libmodules__hal_nordic__nrfx.a(nrfx_gpiote.c.obj)
                0x0000000000012b18                nrfx_gpiote_init_check
 .text.nrfx_gpiote_channel_free
                0x0000000000012b34       0x10 modules/hal_nordic/modules/hal_nordic/nrfx/libmodules__hal_nordic__nrfx.a(nrfx_gpiote.c.obj)
                0x0000000000012b34                nrfx_gpiote_channel_free
 .text.nrfx_gpiote_channel_alloc
                0x0000000000012b44       0x10 modules/hal_nordic/modules/hal_nordic/nrfx/libmodules__hal_nordic__nrfx.a(nrfx_gpiote.c.obj)
                0x0000000000012b44                nrfx_gpiote_channel_alloc
 .text.nrfx_gpiote_trigger_enable
                0x0000000000012b54       0xb8 modules/hal_nordic/modules/hal_nordic/nrfx/libmodules__hal_nordic__nrfx.a(nrfx_gpiote.c.obj)
                0x0000000000012b54                nrfx_gpiote_trigger_enable
 .text.nrfx_gpiote_0_irq_handler
                0x0000000000012c0c       0x10 modules/hal_nordic/modules/hal_nordic/nrfx/libmodules__hal_nordic__nrfx.a(nrfx_gpiote.c.obj)
                0x0000000000012c0c                nrfx_gpiote_0_irq_handler
 .text.nrfx_gpiote_1_irq_handler
                0x0000000000012c1c       0x10 modules/hal_nordic/modules/hal_nordic/nrfx/libmodules__hal_nordic__nrfx.a(nrfx_gpiote.c.obj)
                0x0000000000012c1c                nrfx_gpiote_1_irq_handler
 .text.nrfx_ipc_init
                0x0000000000012c2c       0x30 modules/hal_nordic/modules/hal_nordic/nrfx/libmodules__hal_nordic__nrfx.a(nrfx_ipc.c.obj)
                0x0000000000012c2c                nrfx_ipc_init
 .text.nrfx_ipc_config_load
                0x0000000000012c5c       0x40 modules/hal_nordic/modules/hal_nordic/nrfx/libmodules__hal_nordic__nrfx.a(nrfx_ipc.c.obj)
                0x0000000000012c5c                nrfx_ipc_config_load
 .text.nrfx_ipc_receive_event_enable
                0x0000000000012c9c       0x10 modules/hal_nordic/modules/hal_nordic/nrfx/libmodules__hal_nordic__nrfx.a(nrfx_ipc.c.obj)
                0x0000000000012c9c                nrfx_ipc_receive_event_enable
 .text.nrfx_ipc_receive_event_disable
                0x0000000000012cac       0x10 modules/hal_nordic/modules/hal_nordic/nrfx/libmodules__hal_nordic__nrfx.a(nrfx_ipc.c.obj)
                0x0000000000012cac                nrfx_ipc_receive_event_disable
 .text.nrfx_ipc_irq_handler
                0x0000000000012cbc       0x40 modules/hal_nordic/modules/hal_nordic/nrfx/libmodules__hal_nordic__nrfx.a(nrfx_ipc.c.obj)
                0x0000000000012cbc                nrfx_ipc_irq_handler
 .text.nrf_gpio_pin_port_decode